Archive member included because of file (symbol)

E:\mr-bucket\Robot\Sonic\build\/core_mega2560_16.a(HardwareSerial.cpp.o)
                              build\Sonic.o (Serial)
E:\mr-bucket\Robot\Sonic\build\/core_mega2560_16.a(main.cpp.o)
                              c:/users/veryangry/downloads/codeblocks/bin/../lib/gcc/avr/4.3.3/../../../../avr/lib/avr6/crtm2560.o (main)
E:\mr-bucket\Robot\Sonic\build\/core_mega2560_16.a(new.cpp.o)
                              E:\mr-bucket\Robot\Sonic\build\/core_mega2560_16.a(HardwareSerial.cpp.o) (__cxa_pure_virtual)
E:\mr-bucket\Robot\Sonic\build\/core_mega2560_16.a(Print.cpp.o)
                              E:\mr-bucket\Robot\Sonic\build\/core_mega2560_16.a(HardwareSerial.cpp.o) (Print::write(unsigned char const*, unsigned int))
E:\mr-bucket\Robot\Sonic\build\/core_mega2560_16.a(wiring.c.o)
                              build\Sonic\LineSensor.o (delayMicroseconds)
E:\mr-bucket\Robot\Sonic\build\/core_mega2560_16.a(wiring_digital.c.o)
                              build\Sonic.o (pinMode)
E:\mr-bucket\Robot\Sonic\build\/core_mega2560_16.a(WString.cpp.o)
                              E:\mr-bucket\Robot\Sonic\build\/core_mega2560_16.a(Print.cpp.o) (String::operator[](unsigned int) const)
c:/users/veryangry/downloads/codeblocks/bin/../lib/gcc/avr/4.3.3/../../../../avr/lib/avr6\libm.a(addsf3.o)
                              E:\mr-bucket\Robot\Sonic\build\/core_mega2560_16.a(Print.cpp.o) (__subsf3)
c:/users/veryangry/downloads/codeblocks/bin/../lib/gcc/avr/4.3.3/../../../../avr/lib/avr6\libm.a(addsf3x.o)
                              c:/users/veryangry/downloads/codeblocks/bin/../lib/gcc/avr/4.3.3/../../../../avr/lib/avr6\libm.a(addsf3.o) (__addsf3x)
c:/users/veryangry/downloads/codeblocks/bin/../lib/gcc/avr/4.3.3/../../../../avr/lib/avr6\libm.a(cmpsf2.o)
                              E:\mr-bucket\Robot\Sonic\build\/core_mega2560_16.a(Print.cpp.o) (__ltsf2)
c:/users/veryangry/downloads/codeblocks/bin/../lib/gcc/avr/4.3.3/../../../../avr/lib/avr6\libm.a(divsf3.o)
                              E:\mr-bucket\Robot\Sonic\build\/core_mega2560_16.a(Print.cpp.o) (__divsf3)
c:/users/veryangry/downloads/codeblocks/bin/../lib/gcc/avr/4.3.3/../../../../avr/lib/avr6\libm.a(divsf3x.o)
                              c:/users/veryangry/downloads/codeblocks/bin/../lib/gcc/avr/4.3.3/../../../../avr/lib/avr6\libm.a(divsf3.o) (__divsf3x)
c:/users/veryangry/downloads/codeblocks/bin/../lib/gcc/avr/4.3.3/../../../../avr/lib/avr6\libm.a(fixsfsi.o)
                              E:\mr-bucket\Robot\Sonic\build\/core_mega2560_16.a(Print.cpp.o) (__fixsfsi)
c:/users/veryangry/downloads/codeblocks/bin/../lib/gcc/avr/4.3.3/../../../../avr/lib/avr6\libm.a(fixunssfsi.o)
                              E:\mr-bucket\Robot\Sonic\build\/core_mega2560_16.a(Print.cpp.o) (__fixunssfsi)
c:/users/veryangry/downloads/codeblocks/bin/../lib/gcc/avr/4.3.3/../../../../avr/lib/avr6\libm.a(floatsisf.o)
                              E:\mr-bucket\Robot\Sonic\build\/core_mega2560_16.a(Print.cpp.o) (__floatunsisf)
c:/users/veryangry/downloads/codeblocks/bin/../lib/gcc/avr/4.3.3/../../../../avr/lib/avr6\libm.a(fp_cmp.o)
                              c:/users/veryangry/downloads/codeblocks/bin/../lib/gcc/avr/4.3.3/../../../../avr/lib/avr6\libm.a(cmpsf2.o) (__fp_cmp)
c:/users/veryangry/downloads/codeblocks/bin/../lib/gcc/avr/4.3.3/../../../../avr/lib/avr6\libm.a(fp_inf.o)
                              c:/users/veryangry/downloads/codeblocks/bin/../lib/gcc/avr/4.3.3/../../../../avr/lib/avr6\libm.a(addsf3x.o) (__fp_inf)
c:/users/veryangry/downloads/codeblocks/bin/../lib/gcc/avr/4.3.3/../../../../avr/lib/avr6\libm.a(fp_nan.o)
                              c:/users/veryangry/downloads/codeblocks/bin/../lib/gcc/avr/4.3.3/../../../../avr/lib/avr6\libm.a(addsf3x.o) (__fp_nan)
c:/users/veryangry/downloads/codeblocks/bin/../lib/gcc/avr/4.3.3/../../../../avr/lib/avr6\libm.a(fp_pscA.o)
                              c:/users/veryangry/downloads/codeblocks/bin/../lib/gcc/avr/4.3.3/../../../../avr/lib/avr6\libm.a(addsf3x.o) (__fp_pscA)
c:/users/veryangry/downloads/codeblocks/bin/../lib/gcc/avr/4.3.3/../../../../avr/lib/avr6\libm.a(fp_pscB.o)
                              c:/users/veryangry/downloads/codeblocks/bin/../lib/gcc/avr/4.3.3/../../../../avr/lib/avr6\libm.a(addsf3x.o) (__fp_pscB)
c:/users/veryangry/downloads/codeblocks/bin/../lib/gcc/avr/4.3.3/../../../../avr/lib/avr6\libm.a(fp_round.o)
                              c:/users/veryangry/downloads/codeblocks/bin/../lib/gcc/avr/4.3.3/../../../../avr/lib/avr6\libm.a(addsf3.o) (__fp_round)
c:/users/veryangry/downloads/codeblocks/bin/../lib/gcc/avr/4.3.3/../../../../avr/lib/avr6\libm.a(fp_split3.o)
                              c:/users/veryangry/downloads/codeblocks/bin/../lib/gcc/avr/4.3.3/../../../../avr/lib/avr6\libm.a(addsf3x.o) (__fp_split3)
[...]
Memory Configuration

Name             Origin             Length             Attributes
text             0x00000000         0x00100000         xr
data             0x00800200         0x0000fe00         rw !x
eeprom           0x00810000         0x00010000         rw !x
fuse             0x00820000         0x00000400         rw !x
lock             0x00830000         0x00000400         rw !x
signature        0x00840000         0x00000400         rw !x
*default*        0x00000000         0xffffffff

Linker script and memory map

Address of section .data set to 0x800200
LOAD c:/users/veryangry/downloads/codeblocks/bin/../lib/gcc/avr/4.3.3/../../../../avr/lib/avr6/crtm2560.o
LOAD build\System\CycleUnit.o
LOAD build\System\RunableModule.o
LOAD build\Sonic\LineSensor.o
LOAD build\Sonic.o
LOAD E:\mr-bucket\Robot\Sonic\build\/lib_mega2560_16.a
LOAD E:\mr-bucket\Robot\Sonic\build\/core_mega2560_16.a
LOAD c:/users/veryangry/downloads/codeblocks/bin/../lib/gcc/avr/4.3.3/../../../../avr/lib/avr6\libm.a
LOAD c:/users/veryangry/downloads/codeblocks/bin/../lib/gcc/avr/4.3.3/avr6\libgcc.a
LOAD c:/users/veryangry/downloads/codeblocks/bin/../lib/gcc/avr/4.3.3/../../../../avr/lib/avr6\libc.a
LOAD c:/users/veryangry/downloads/codeblocks/bin/../lib/gcc/avr/4.3.3/avr6\libgcc.a

.hash
 *(.hash)

.dynsym
 *(.dynsym)

.dynstr
 *(.dynstr)

.gnu.version
 *(.gnu.version)

.gnu.version_d
 *(.gnu.version_d)

.gnu.version_r
 *(.gnu.version_r)

.rel.init
 *(.rel.init)

.rela.init
 *(.rela.init)

.rel.text
 *(.rel.text)
 *(.rel.text.*)
 *(.rel.gnu.linkonce.t*)

.rela.text
 *(.rela.text)
 *(.rela.text.*)
 *(.rela.gnu.linkonce.t*)

.rel.fini
 *(.rel.fini)

.rela.fini
 *(.rela.fini)

.rel.rodata
 *(.rel.rodata)
 *(.rel.rodata.*)
 *(.rel.gnu.linkonce.r*)

.rela.rodata
 *(.rela.rodata)
 *(.rela.rodata.*)
 *(.rela.gnu.linkonce.r*)

.rel.data
 *(.rel.data)
 *(.rel.data.*)
 *(.rel.gnu.linkonce.d*)

.rela.data
 *(.rela.data)
 *(.rela.data.*)
 *(.rela.gnu.linkonce.d*)

.rel.ctors
 *(.rel.ctors)

.rela.ctors
 *(.rela.ctors)

.rel.dtors
 *(.rel.dtors)

.rela.dtors
 *(.rela.dtors)

.rel.got
 *(.rel.got)

.rela.got
 *(.rela.got)

.rel.bss
 *(.rel.bss)

.rela.bss
 *(.rela.bss)

.rel.plt
 *(.rel.plt)

.rela.plt
 *(.rela.plt)

.text           0x00000000     0x127a
 *(.vectors)
 .vectors       0x00000000       0xe4 c:/users/veryangry/downloads/codeblocks/bin/../lib/gcc/avr/4.3.3/../../../../avr/lib/avr6/crtm2560.o
                0x00000000                __vectors
                0x00000000                __vector_default
 *(.vectors)
 *(.progmem.gcc*)
 *(.progmem*)
 .progmem.data  0x000000e4      0x120 E:\mr-bucket\Robot\Sonic\build\/core_mega2560_16.a(wiring_digital.c.o)
                0x000000e4                port_to_mode_PGM
                0x00000132                digital_pin_to_port_PGM
                0x00000178                digital_pin_to_bit_mask_PGM
                0x000000fe                port_to_output_PGM
                0x00000118                port_to_input_PGM
                0x000001be                digital_pin_to_timer_PGM
                0x00000204                . = ALIGN (0x2)
                0x00000204                __trampolines_start = .
 *(.trampolines)
 .trampolines   0x00000204        0x0 linker stubs
 *(.trampolines*)
                0x00000204                __trampolines_end = .
 *(.jumptables)
 *(.jumptables*)
 *(.lowtext)
 *(.lowtext*)
                0x00000204                __ctors_start = .
 *(.ctors)
 .ctors         0x00000204        0x2 build\Sonic.o
 .ctors         0x00000206        0x2 E:\mr-bucket\Robot\Sonic\build\/core_mega2560_16.a(HardwareSerial.cpp.o)
                0x00000208                __ctors_end = .
                0x00000208                __dtors_start = .
 *(.dtors)
                0x00000208                __dtors_end = .
 SORT(*)(.ctors)
 SORT(*)(.dtors)
 *(.init0)
 .init0         0x00000208        0x0 c:/users/veryangry/downloads/codeblocks/bin/../lib/gcc/avr/4.3.3/../../../../avr/lib/avr6/crtm2560.o
                0x00000208                __init
 *(.init0)
 *(.init1)
 *(.init1)
 *(.init2)
 .init2         0x00000208       0x10 c:/users/veryangry/downloads/codeblocks/bin/../lib/gcc/avr/4.3.3/../../../../avr/lib/avr6/crtm2560.o
 *(.init2)
 *(.init3)
 *(.init3)
 *(.init4)
 .init4         0x00000218       0x1c c:/users/veryangry/downloads/codeblocks/bin/../lib/gcc/avr/4.3.3/../../../../avr/lib/avr6/crtm2560.o
                0x00000218                __do_copy_data
 .init4         0x00000234       0x10 c:/users/veryangry/downloads/codeblocks/bin/../lib/gcc/avr/4.3.3/avr6\libgcc.a(_clear_bss.o)
                0x00000234                __do_clear_bss
 *(.init4)
 *(.init5)
 *(.init5)
 *(.init6)
 .init6         0x00000244       0x16 c:/users/veryangry/downloads/codeblocks/bin/../lib/gcc/avr/4.3.3/avr6\libgcc.a(_ctors.o)
                0x00000244                __do_global_ctors
 *(.init6)
 *(.init7)
 *(.init7)
 *(.init8)
 *(.init8)
 *(.init9)
 .init9         0x0000025a        0x8 c:/users/veryangry/downloads/codeblocks/bin/../lib/gcc/avr/4.3.3/../../../../avr/lib/avr6/crtm2560.o
 *(.init9)
 *(.text)
 .text          0x00000262        0x4 c:/users/veryangry/downloads/codeblocks/bin/../lib/gcc/avr/4.3.3/../../../../avr/lib/avr6/crtm2560.o
                0x00000262                __vector_38
                0x00000262                __vector_22
                0x00000262                __vector_28
                0x00000262                __vector_1
                0x00000262                __vector_32
                0x00000262                __vector_34
                0x00000262                __vector_24
                0x00000262                __vector_12
                0x00000262                __vector_46
                0x00000262                __bad_interrupt
                0x00000262                __vector_6
                0x00000262                __vector_31
                0x00000262                __vector_35
                0x00000262                __vector_39
                0x00000262                __vector_3
                0x00000262                __vector_30
                0x00000262                __vector_45
                0x00000262                __vector_11
                0x00000262                __vector_13
                0x00000262                __vector_17
                0x00000262                __vector_19
                0x00000262                __vector_56
                0x00000262                __vector_7
                0x00000262                __vector_49
                0x00000262                __vector_41
                0x00000262                __vector_43
                0x00000262                __vector_27
                0x00000262                __vector_5
                0x00000262                __vector_33
                0x00000262                __vector_47
                0x00000262                __vector_4
                0x00000262                __vector_44
                0x00000262                __vector_9
                0x00000262                __vector_2
                0x00000262                __vector_21
                0x00000262                __vector_15
                0x00000262                __vector_29
                0x00000262                __vector_40
                0x00000262                __vector_8
                0x00000262                __vector_48
                0x00000262                __vector_14
                0x00000262                __vector_53
                0x00000262                __vector_10
                0x00000262                __vector_50
                0x00000262                __vector_16
                0x00000262                __vector_18
                0x00000262                __vector_20
                0x00000262                __vector_42
                0x00000266                . = ALIGN (0x2)
 *(.text.*)
 .text._ZN10LineSensorC1Eii
                0x00000266       0x16 build\Sonic\LineSensor.o
                0x00000266                LineSensor::LineSensor(int, int)
 .text._ZN10LineSensor10getReadingEv
                0x0000027c        0x8 build\Sonic\LineSensor.o
                0x0000027c                LineSensor::getReading()
 .text._ZN10LineSensor10beginCheckEv
                0x00000284       0x1a build\Sonic\LineSensor.o
                0x00000284                LineSensor::beginCheck()
 .text._GLOBAL__I_testFront
                0x0000029e       0x12 build\Sonic.o
 .text.loop     0x000002b0       0x3a build\Sonic.o
                0x000002b0                loop
 .text.setup    0x000002ea       0x1a build\Sonic.o
                0x000002ea                setup
 .text._Z11serialEventv
                0x00000304        0x2 E:\mr-bucket\Robot\Sonic\build\/core_mega2560_16.a(HardwareSerial.cpp.o)
                0x00000304                serialEvent()
 .text.__vector_25
                0x00000306       0x7e E:\mr-bucket\Robot\Sonic\build\/core_mega2560_16.a(HardwareSerial.cpp.o)
                0x00000306                __vector_25
 .text._Z12serialEvent1v
                0x00000384        0x2 E:\mr-bucket\Robot\Sonic\build\/core_mega2560_16.a(HardwareSerial.cpp.o)
                0x00000384                serialEvent1()
 .text.__vector_36
                0x00000386       0x7e E:\mr-bucket\Robot\Sonic\build\/core_mega2560_16.a(HardwareSerial.cpp.o)
                0x00000386                __vector_36
 .text._Z12serialEvent2v
                0x00000404        0x2 E:\mr-bucket\Robot\Sonic\build\/core_mega2560_16.a(HardwareSerial.cpp.o)
                0x00000404                serialEvent2()
 .text.__vector_51
                0x00000406       0x7e E:\mr-bucket\Robot\Sonic\build\/core_mega2560_16.a(HardwareSerial.cpp.o)
                0x00000406                __vector_51
 .text._Z12serialEvent3v
                0x00000484        0x2 E:\mr-bucket\Robot\Sonic\build\/core_mega2560_16.a(HardwareSerial.cpp.o)
                0x00000484                serialEvent3()
 .text.__vector_54
                0x00000486       0x7e E:\mr-bucket\Robot\Sonic\build\/core_mega2560_16.a(HardwareSerial.cpp.o)
                0x00000486                __vector_54
 .text._Z14serialEventRunv
                0x00000504       0x9a E:\mr-bucket\Robot\Sonic\build\/core_mega2560_16.a(HardwareSerial.cpp.o)
                0x00000504                serialEventRun()
 .text.__vector_26
                0x0000059e       0x7e E:\mr-bucket\Robot\Sonic\build\/core_mega2560_16.a(HardwareSerial.cpp.o)
                0x0000059e                __vector_26
 .text.__vector_37
                0x0000061c       0x7e E:\mr-bucket\Robot\Sonic\build\/core_mega2560_16.a(HardwareSerial.cpp.o)
                0x0000061c                __vector_37
 .text.__vector_52
                0x0000069a       0x7e E:\mr-bucket\Robot\Sonic\build\/core_mega2560_16.a(HardwareSerial.cpp.o)
                0x0000069a                __vector_52
 .text.__vector_55
                0x00000718       0x7e E:\mr-bucket\Robot\Sonic\build\/core_mega2560_16.a(HardwareSerial.cpp.o)
                0x00000718                __vector_55
 .text._ZN14HardwareSerial5beginEm
                0x00000796      0x11e E:\mr-bucket\Robot\Sonic\build\/core_mega2560_16.a(HardwareSerial.cpp.o)
                0x00000796                HardwareSerial::begin(unsigned long)
 .text._ZN14HardwareSerial9availableEv
                0x000008b4       0x22 E:\mr-bucket\Robot\Sonic\build\/core_mega2560_16.a(HardwareSerial.cpp.o)
                0x000008b4                HardwareSerial::available()
 .text._ZN14HardwareSerial4peekEv
                0x000008d6       0x42 E:\mr-bucket\Robot\Sonic\build\/core_mega2560_16.a(HardwareSerial.cpp.o)
                0x000008d6                HardwareSerial::peek()
 .text._ZN14HardwareSerial4readEv
                0x00000918       0x54 E:\mr-bucket\Robot\Sonic\build\/core_mega2560_16.a(HardwareSerial.cpp.o)
                0x00000918                HardwareSerial::read()
 .text._ZN14HardwareSerial5flushEv
                0x0000096c       0x1a E:\mr-bucket\Robot\Sonic\build\/core_mega2560_16.a(HardwareSerial.cpp.o)
                0x0000096c                HardwareSerial::flush()
 .text._ZN14HardwareSerial5writeEh
                0x00000986       0x78 E:\mr-bucket\Robot\Sonic\build\/core_mega2560_16.a(HardwareSerial.cpp.o)
                0x00000986                HardwareSerial::write(unsigned char)
 .text._GLOBAL__I_rx_buffer
                0x000009fe      0x26c E:\mr-bucket\Robot\Sonic\build\/core_mega2560_16.a(HardwareSerial.cpp.o)
 .text.main     0x00000c6a       0x28 E:\mr-bucket\Robot\Sonic\build\/core_mega2560_16.a(main.cpp.o)
                0x00000c6a                main
 .text._ZN5Print5writeEPKhj
                0x00000c92       0x58 E:\mr-bucket\Robot\Sonic\build\/core_mega2560_16.a(Print.cpp.o)
                0x00000c92                Print::write(unsigned char const*, unsigned int)
 .text._ZN5Print7printlnEv
                0x00000cea       0x40 E:\mr-bucket\Robot\Sonic\build\/core_mega2560_16.a(Print.cpp.o)
                0x00000cea                Print::println()
 .text._ZN5Print11printNumberEmh
                0x00000d2a      0x10c E:\mr-bucket\Robot\Sonic\build\/core_mega2560_16.a(Print.cpp.o)
                0x00000d2a                Print::printNumber(unsigned long, unsigned char)
 .text._ZN5Print5printEmi
                0x00000e36       0x1e E:\mr-bucket\Robot\Sonic\build\/core_mega2560_16.a(Print.cpp.o)
                0x00000e36                Print::print(unsigned long, int)
 .text._ZN5Print7printlnEhi
                0x00000e54       0x3c E:\mr-bucket\Robot\Sonic\build\/core_mega2560_16.a(Print.cpp.o)
                0x00000e54                Print::println(unsigned char, int)
 .text.__vector_23
                0x00000e90       0x90 E:\mr-bucket\Robot\Sonic\build\/core_mega2560_16.a(wiring.c.o)
                0x00000e90                __vector_23
 .text.delayMicroseconds
                0x00000f20       0x14 E:\mr-bucket\Robot\Sonic\build\/core_mega2560_16.a(wiring.c.o)
                0x00000f20                delayMicroseconds
 .text.init     0x00000f34       0xc4 E:\mr-bucket\Robot\Sonic\build\/core_mega2560_16.a(wiring.c.o)
                0x00000f34                init
 .text.pinMode  0x00000ff8       0x86 E:\mr-bucket\Robot\Sonic\build\/core_mega2560_16.a(wiring_digital.c.o)
                0x00000ff8                pinMode
 .text.turnOffPWM
                0x0000107e       0xfe E:\mr-bucket\Robot\Sonic\build\/core_mega2560_16.a(wiring_digital.c.o)
 .text.digitalWrite
                0x0000117c       0x6c E:\mr-bucket\Robot\Sonic\build\/core_mega2560_16.a(wiring_digital.c.o)
                0x0000117c                digitalWrite
 .text.libgcc   0x000011e8       0x3e c:/users/veryangry/downloads/codeblocks/bin/../lib/gcc/avr/4.3.3/avr6\libgcc.a(_mulsi3.o)
                0x000011e8                __mulsi3
 .text.libgcc   0x00001226       0x44 c:/users/veryangry/downloads/codeblocks/bin/../lib/gcc/avr/4.3.3/avr6\libgcc.a(_udivmodsi4.o)
                0x00001226                __udivmodsi4
 .text.libgcc   0x0000126a        0xc c:/users/veryangry/downloads/codeblocks/bin/../lib/gcc/avr/4.3.3/avr6\libgcc.a(_tablejump.o)
                0x0000126e                __tablejump__
                0x0000126a                __tablejump2__
                0x00001276                . = ALIGN (0x2)
 *(.fini9)
 .fini9         0x00001276        0x0 c:/users/veryangry/downloads/codeblocks/bin/../lib/gcc/avr/4.3.3/avr6\libgcc.a(_exit.o)
                0x00001276                exit
                0x00001276                _exit
 *(.fini9)
 *(.fini8)
 *(.fini8)
 *(.fini7)
 *(.fini7)
 *(.fini6)
 *(.fini6)
 *(.fini5)
 *(.fini5)
 *(.fini4)
 *(.fini4)
 *(.fini3)
 *(.fini3)
 *(.fini2)
 *(.fini2)
 *(.fini1)
 *(.fini1)
 *(.fini0)
 .fini0         0x00001276        0x4 c:/users/veryangry/downloads/codeblocks/bin/../lib/gcc/avr/4.3.3/avr6\libgcc.a(_exit.o)
 *(.fini0)
                0x0000127a                _etext = .

.data           0x00800200       0x10 load address 0x0000127a
                0x00800200                PROVIDE (__data_start, .)
 *(.data)
 *(.data*)
 *(.rodata)
 *(.rodata*)
 .rodata._ZTV14HardwareSerial
                0x00800200       0x10 E:\mr-bucket\Robot\Sonic\build\/core_mega2560_16.a(HardwareSerial.cpp.o)
                0x00800200                vtable for HardwareSerial
 *(.gnu.linkonce.d*)
                0x00800210                . = ALIGN (0x2)
                0x00800210                _edata = .
                0x00800210                PROVIDE (__data_end, .)

.bss            0x00800210      0x2ba
                0x00800210                PROVIDE (__bss_start, .)
 *(.bss)
 *(.bss*)
 .bss.testFront
                0x00800210        0x9 build\Sonic.o
                0x00800210                testFront
 .bss.rx_buffer
                0x00800219       0x44 E:\mr-bucket\Robot\Sonic\build\/core_mega2560_16.a(HardwareSerial.cpp.o)
                0x00800219                rx_buffer
 .bss.tx_buffer
                0x0080025d       0x44 E:\mr-bucket\Robot\Sonic\build\/core_mega2560_16.a(HardwareSerial.cpp.o)
                0x0080025d                tx_buffer
 .bss.rx_buffer1
                0x008002a1       0x44 E:\mr-bucket\Robot\Sonic\build\/core_mega2560_16.a(HardwareSerial.cpp.o)
                0x008002a1                rx_buffer1
 .bss.tx_buffer1
                0x008002e5       0x44 E:\mr-bucket\Robot\Sonic\build\/core_mega2560_16.a(HardwareSerial.cpp.o)
                0x008002e5                tx_buffer1
 .bss.rx_buffer2
                0x00800329       0x44 E:\mr-bucket\Robot\Sonic\build\/core_mega2560_16.a(HardwareSerial.cpp.o)
                0x00800329                rx_buffer2
 .bss.tx_buffer2
                0x0080036d       0x44 E:\mr-bucket\Robot\Sonic\build\/core_mega2560_16.a(HardwareSerial.cpp.o)
                0x0080036d                tx_buffer2
 .bss.rx_buffer3
                0x008003b1       0x44 E:\mr-bucket\Robot\Sonic\build\/core_mega2560_16.a(HardwareSerial.cpp.o)
                0x008003b1                rx_buffer3
 .bss.tx_buffer3
                0x008003f5       0x44 E:\mr-bucket\Robot\Sonic\build\/core_mega2560_16.a(HardwareSerial.cpp.o)
                0x008003f5                tx_buffer3
 .bss.Serial    0x00800439       0x22 E:\mr-bucket\Robot\Sonic\build\/core_mega2560_16.a(HardwareSerial.cpp.o)
                0x00800439                Serial
 .bss.Serial1   0x0080045b       0x22 E:\mr-bucket\Robot\Sonic\build\/core_mega2560_16.a(HardwareSerial.cpp.o)
                0x0080045b                Serial1
 .bss.Serial2   0x0080047d       0x22 E:\mr-bucket\Robot\Sonic\build\/core_mega2560_16.a(HardwareSerial.cpp.o)
                0x0080047d                Serial2
 .bss.Serial3   0x0080049f       0x22 E:\mr-bucket\Robot\Sonic\build\/core_mega2560_16.a(HardwareSerial.cpp.o)
                0x0080049f                Serial3
 .bss.timer0_overflow_count
                0x008004c1        0x4 E:\mr-bucket\Robot\Sonic\build\/core_mega2560_16.a(wiring.c.o)
                0x008004c1                timer0_overflow_count
 .bss.timer0_millis
                0x008004c5        0x4 E:\mr-bucket\Robot\Sonic\build\/core_mega2560_16.a(wiring.c.o)
                0x008004c5                timer0_millis
 .bss.timer0_fract
                0x008004c9        0x1 E:\mr-bucket\Robot\Sonic\build\/core_mega2560_16.a(wiring.c.o)
 *(COMMON)
                0x008004ca                PROVIDE (__bss_end, .)
                0x0000127a                __data_load_start = LOADADDR (.data)
                0x0000128a                __data_load_end = (__data_load_start + SIZEOF (.data))

.noinit         0x008004ca        0x0
                0x008004ca                PROVIDE (__noinit_start, .)
 *(.noinit*)
                0x008004ca                PROVIDE (__noinit_end, .)
                0x008004ca                _end = .
                0x008004ca                PROVIDE (__heap_start, .)

.eeprom         0x00810000        0x0
 *(.eeprom*)
                0x00810000                __eeprom_end = .

.fuse
 *(.fuse)
 *(.lfuse)
 *(.hfuse)
 *(.efuse)

.lock
 *(.lock*)

.signature
 *(.signature*)

.stab
 *(.stab)

.stabstr
 *(.stabstr)

.stab.excl
 *(.stab.excl)

.stab.exclstr
 *(.stab.exclstr)

.stab.index
 *(.stab.index)

.stab.indexstr
 *(.stab.indexstr)

.comment
 *(.comment)

.debug
 *(.debug)

.line
 *(.line)

.debug_srcinfo
 *(.debug_srcinfo)

.debug_sfnames
 *(.debug_sfnames)

.debug_aranges
 *(.debug_aranges)

.debug_pubnames
 *(.debug_pubnames)

.debug_info
 *(.debug_info)
 *(.gnu.linkonce.wi.*)

.debug_abbrev
 *(.debug_abbrev)

.debug_line
 *(.debug_line)

.debug_frame
 *(.debug_frame)

.debug_str
 *(.debug_str)

.debug_loc
 *(.debug_loc)

.debug_macinfo
 *(.debug_macinfo)
OUTPUT(build\Sonic_mega2560.elf elf32-avr)
LOAD linker stubs

Cross Reference Table

Symbol                                            File
CycleUnit::CycleUnit()                            build\System\CycleUnit.o
CycleUnit::CycleUnit()                            build\System\CycleUnit.o
CycleUnit::~CycleUnit()                           build\System\CycleUnit.o
CycleUnit::~CycleUnit()                           build\System\CycleUnit.o
HardwareSerial::HardwareSerial(ring_buffer*, ring_buffer*, unsigned char volatile*, unsigned char volatile*, unsigned char volatile*, unsigned char volatile*, unsigned char volatile*, unsigned char volatile*, unsigned char, unsigned char, unsigned char, unsigned char, unsigned char) E:\mr-bucket\Robot\Sonic\build\/core_mega2560_16.a(HardwareSerial.cpp.o)
HardwareSerial::HardwareSerial(ring_buffer*, ring_buffer*, unsigned char volatile*, unsigned char volatile*, unsigned char volatile*, unsigned char volatile*, unsigned char volatile*, unsigned char volatile*, unsigned char, unsigned char, unsigned char, unsigned char, unsigned char) E:\mr-bucket\Robot\Sonic\build\/core_mega2560_16.a(HardwareSerial.cpp.o)
HardwareSerial::available()                       E:\mr-bucket\Robot\Sonic\build\/core_mega2560_16.a(HardwareSerial.cpp.o)
HardwareSerial::begin(unsigned long)              E:\mr-bucket\Robot\Sonic\build\/core_mega2560_16.a(HardwareSerial.cpp.o)
                                                  build\Sonic.o
HardwareSerial::begin(unsigned long, unsigned char) E:\mr-bucket\Robot\Sonic\build\/core_mega2560_16.a(HardwareSerial.cpp.o)
HardwareSerial::end()                             E:\mr-bucket\Robot\Sonic\build\/core_mega2560_16.a(HardwareSerial.cpp.o)
HardwareSerial::flush()                           E:\mr-bucket\Robot\Sonic\build\/core_mega2560_16.a(HardwareSerial.cpp.o)
HardwareSerial::operator bool()                   E:\mr-bucket\Robot\Sonic\build\/core_mega2560_16.a(HardwareSerial.cpp.o)
HardwareSerial::peek()                            E:\mr-bucket\Robot\Sonic\build\/core_mega2560_16.a(HardwareSerial.cpp.o)
HardwareSerial::read()                            E:\mr-bucket\Robot\Sonic\build\/core_mega2560_16.a(HardwareSerial.cpp.o)
HardwareSerial::write(unsigned char)              E:\mr-bucket\Robot\Sonic\build\/core_mega2560_16.a(HardwareSerial.cpp.o)
LineSensor::LineSensor(int, int)                  build\Sonic\LineSensor.o
LineSensor::LineSensor(int, int)                  build\Sonic\LineSensor.o
                                                  build\Sonic.o
LineSensor::beginCheck()                          build\Sonic\LineSensor.o
                                                  build\Sonic.o
LineSensor::getReading()                          build\Sonic\LineSensor.o
                                                  build\Sonic.o
Print::print(Printable const&)                    E:\mr-bucket\Robot\Sonic\build\/core_mega2560_16.a(Print.cpp.o)
Print::print(String const&)                       E:\mr-bucket\Robot\Sonic\build\/core_mega2560_16.a(Print.cpp.o)
Print::print(__FlashStringHelper const*)          E:\mr-bucket\Robot\Sonic\build\/core_mega2560_16.a(Print.cpp.o)
Print::print(char const*)                         E:\mr-bucket\Robot\Sonic\build\/core_mega2560_16.a(Print.cpp.o)
Print::print(char)                                E:\mr-bucket\Robot\Sonic\build\/core_mega2560_16.a(Print.cpp.o)
Print::print(double, int)                         E:\mr-bucket\Robot\Sonic\build\/core_mega2560_16.a(Print.cpp.o)
Print::print(int, int)                            E:\mr-bucket\Robot\Sonic\build\/core_mega2560_16.a(Print.cpp.o)
Print::print(long, int)                           E:\mr-bucket\Robot\Sonic\build\/core_mega2560_16.a(Print.cpp.o)
Print::print(unsigned char, int)                  E:\mr-bucket\Robot\Sonic\build\/core_mega2560_16.a(Print.cpp.o)
Print::print(unsigned int, int)                   E:\mr-bucket\Robot\Sonic\build\/core_mega2560_16.a(Print.cpp.o)
Print::print(unsigned long, int)                  E:\mr-bucket\Robot\Sonic\build\/core_mega2560_16.a(Print.cpp.o)
Print::printFloat(double, unsigned char)          E:\mr-bucket\Robot\Sonic\build\/core_mega2560_16.a(Print.cpp.o)
Print::printNumber(unsigned long, unsigned char)  E:\mr-bucket\Robot\Sonic\build\/core_mega2560_16.a(Print.cpp.o)
Print::println()                                  E:\mr-bucket\Robot\Sonic\build\/core_mega2560_16.a(Print.cpp.o)
Print::println(Printable const&)                  E:\mr-bucket\Robot\Sonic\build\/core_mega2560_16.a(Print.cpp.o)
Print::println(String const&)                     E:\mr-bucket\Robot\Sonic\build\/core_mega2560_16.a(Print.cpp.o)
Print::println(__FlashStringHelper const*)        E:\mr-bucket\Robot\Sonic\build\/core_mega2560_16.a(Print.cpp.o)
Print::println(char const*)                       E:\mr-bucket\Robot\Sonic\build\/core_mega2560_16.a(Print.cpp.o)
Print::println(char)                              E:\mr-bucket\Robot\Sonic\build\/core_mega2560_16.a(Print.cpp.o)
Print::println(double, int)                       E:\mr-bucket\Robot\Sonic\build\/core_mega2560_16.a(Print.cpp.o)
Print::println(int, int)                          E:\mr-bucket\Robot\Sonic\build\/core_mega2560_16.a(Print.cpp.o)
Print::println(long, int)                         E:\mr-bucket\Robot\Sonic\build\/core_mega2560_16.a(Print.cpp.o)
Print::println(unsigned char, int)                E:\mr-bucket\Robot\Sonic\build\/core_mega2560_16.a(Print.cpp.o)
                                                  build\Sonic.o
Print::println(unsigned int, int)                 E:\mr-bucket\Robot\Sonic\build\/core_mega2560_16.a(Print.cpp.o)
Print::println(unsigned long, int)                E:\mr-bucket\Robot\Sonic\build\/core_mega2560_16.a(Print.cpp.o)
Print::write(char const*)                         E:\mr-bucket\Robot\Sonic\build\/core_mega2560_16.a(Print.cpp.o)
Print::write(unsigned char const*, unsigned int)  E:\mr-bucket\Robot\Sonic\build\/core_mega2560_16.a(Print.cpp.o)
                                                  E:\mr-bucket\Robot\Sonic\build\/core_mega2560_16.a(HardwareSerial.cpp.o)
RunableModule::RunTick(float, RobotState)         build\System\RunableModule.o
RunableModule::RunableModule()                    build\System\RunableModule.o
RunableModule::RunableModule()                    build\System\RunableModule.o
                                                  build\System\CycleUnit.o
RunableModule::~RunableModule()                   build\System\RunableModule.o
RunableModule::~RunableModule()                   build\System\RunableModule.o
                                                  build\System\CycleUnit.o
Serial                                            E:\mr-bucket\Robot\Sonic\build\/core_mega2560_16.a(HardwareSerial.cpp.o)
                                                  build\Sonic.o
Serial1                                           E:\mr-bucket\Robot\Sonic\build\/core_mega2560_16.a(HardwareSerial.cpp.o)
Serial2                                           E:\mr-bucket\Robot\Sonic\build\/core_mega2560_16.a(HardwareSerial.cpp.o)
Serial3                                           E:\mr-bucket\Robot\Sonic\build\/core_mega2560_16.a(HardwareSerial.cpp.o)
String::String(String const&)                     E:\mr-bucket\Robot\Sonic\build\/core_mega2560_16.a(WString.cpp.o)
String::String(String const&)                     E:\mr-bucket\Robot\Sonic\build\/core_mega2560_16.a(WString.cpp.o)
String::String(char const*)                       E:\mr-bucket\Robot\Sonic\build\/core_mega2560_16.a(WString.cpp.o)
String::String(char const*)                       E:\mr-bucket\Robot\Sonic\build\/core_mega2560_16.a(WString.cpp.o)
String::String(char)                              E:\mr-bucket\Robot\Sonic\build\/core_mega2560_16.a(WString.cpp.o)
String::String(char)                              E:\mr-bucket\Robot\Sonic\build\/core_mega2560_16.a(WString.cpp.o)
String::String(int, unsigned char)                E:\mr-bucket\Robot\Sonic\build\/core_mega2560_16.a(WString.cpp.o)
String::String(int, unsigned char)                E:\mr-bucket\Robot\Sonic\build\/core_mega2560_16.a(WString.cpp.o)
String::String(long, unsigned char)               E:\mr-bucket\Robot\Sonic\build\/core_mega2560_16.a(WString.cpp.o)
String::String(long, unsigned char)               E:\mr-bucket\Robot\Sonic\build\/core_mega2560_16.a(WString.cpp.o)
String::String(unsigned char, unsigned char)      E:\mr-bucket\Robot\Sonic\build\/core_mega2560_16.a(WString.cpp.o)
String::String(unsigned char, unsigned char)      E:\mr-bucket\Robot\Sonic\build\/core_mega2560_16.a(WString.cpp.o)
String::String(unsigned int, unsigned char)       E:\mr-bucket\Robot\Sonic\build\/core_mega2560_16.a(WString.cpp.o)
String::String(unsigned int, unsigned char)       E:\mr-bucket\Robot\Sonic\build\/core_mega2560_16.a(WString.cpp.o)
String::String(unsigned long, unsigned char)      E:\mr-bucket\Robot\Sonic\build\/core_mega2560_16.a(WString.cpp.o)
String::String(unsigned long, unsigned char)      E:\mr-bucket\Robot\Sonic\build\/core_mega2560_16.a(WString.cpp.o)
String::changeBuffer(unsigned int)                E:\mr-bucket\Robot\Sonic\build\/core_mega2560_16.a(WString.cpp.o)
String::charAt(unsigned int) const                E:\mr-bucket\Robot\Sonic\build\/core_mega2560_16.a(WString.cpp.o)
String::compareTo(String const&) const            E:\mr-bucket\Robot\Sonic\build\/core_mega2560_16.a(WString.cpp.o)
String::concat(String const&)                     E:\mr-bucket\Robot\Sonic\build\/core_mega2560_16.a(WString.cpp.o)
String::concat(char const*)                       E:\mr-bucket\Robot\Sonic\build\/core_mega2560_16.a(WString.cpp.o)
String::concat(char const*, unsigned int)         E:\mr-bucket\Robot\Sonic\build\/core_mega2560_16.a(WString.cpp.o)
String::concat(char)                              E:\mr-bucket\Robot\Sonic\build\/core_mega2560_16.a(WString.cpp.o)
String::concat(int)                               E:\mr-bucket\Robot\Sonic\build\/core_mega2560_16.a(WString.cpp.o)
String::concat(long)                              E:\mr-bucket\Robot\Sonic\build\/core_mega2560_16.a(WString.cpp.o)
String::concat(unsigned char)                     E:\mr-bucket\Robot\Sonic\build\/core_mega2560_16.a(WString.cpp.o)
String::concat(unsigned int)                      E:\mr-bucket\Robot\Sonic\build\/core_mega2560_16.a(WString.cpp.o)
String::concat(unsigned long)                     E:\mr-bucket\Robot\Sonic\build\/core_mega2560_16.a(WString.cpp.o)
String::copy(char const*, unsigned int)           E:\mr-bucket\Robot\Sonic\build\/core_mega2560_16.a(WString.cpp.o)
String::endsWith(String const&) const             E:\mr-bucket\Robot\Sonic\build\/core_mega2560_16.a(WString.cpp.o)
String::equals(String const&) const               E:\mr-bucket\Robot\Sonic\build\/core_mega2560_16.a(WString.cpp.o)
String::equals(char const*) const                 E:\mr-bucket\Robot\Sonic\build\/core_mega2560_16.a(WString.cpp.o)
String::equalsIgnoreCase(String const&) const     E:\mr-bucket\Robot\Sonic\build\/core_mega2560_16.a(WString.cpp.o)
String::getBytes(unsigned char*, unsigned int, unsigned int) const E:\mr-bucket\Robot\Sonic\build\/core_mega2560_16.a(WString.cpp.o)
String::indexOf(String const&) const              E:\mr-bucket\Robot\Sonic\build\/core_mega2560_16.a(WString.cpp.o)
String::indexOf(String const&, unsigned int) const E:\mr-bucket\Robot\Sonic\build\/core_mega2560_16.a(WString.cpp.o)
String::indexOf(char) const                       E:\mr-bucket\Robot\Sonic\build\/core_mega2560_16.a(WString.cpp.o)
String::indexOf(char, unsigned int) const         E:\mr-bucket\Robot\Sonic\build\/core_mega2560_16.a(WString.cpp.o)
String::invalidate()                              E:\mr-bucket\Robot\Sonic\build\/core_mega2560_16.a(WString.cpp.o)
String::lastIndexOf(String const&) const          E:\mr-bucket\Robot\Sonic\build\/core_mega2560_16.a(WString.cpp.o)
String::lastIndexOf(String const&, unsigned int) const E:\mr-bucket\Robot\Sonic\build\/core_mega2560_16.a(WString.cpp.o)
String::lastIndexOf(char) const                   E:\mr-bucket\Robot\Sonic\build\/core_mega2560_16.a(WString.cpp.o)
String::lastIndexOf(char, unsigned int) const     E:\mr-bucket\Robot\Sonic\build\/core_mega2560_16.a(WString.cpp.o)
String::operator<(String const&) const            E:\mr-bucket\Robot\Sonic\build\/core_mega2560_16.a(WString.cpp.o)
String::operator<=(String const&) const           E:\mr-bucket\Robot\Sonic\build\/core_mega2560_16.a(WString.cpp.o)
String::operator=(String const&)                  E:\mr-bucket\Robot\Sonic\build\/core_mega2560_16.a(WString.cpp.o)
String::operator=(char const*)                    E:\mr-bucket\Robot\Sonic\build\/core_mega2560_16.a(WString.cpp.o)
String::operator>(String const&) const            E:\mr-bucket\Robot\Sonic\build\/core_mega2560_16.a(WString.cpp.o)
String::operator>=(String const&) const           E:\mr-bucket\Robot\Sonic\build\/core_mega2560_16.a(WString.cpp.o)
String::operator[](unsigned int)                  E:\mr-bucket\Robot\Sonic\build\/core_mega2560_16.a(WString.cpp.o)
String::operator[](unsigned int) const            E:\mr-bucket\Robot\Sonic\build\/core_mega2560_16.a(WString.cpp.o)
                                                  E:\mr-bucket\Robot\Sonic\build\/core_mega2560_16.a(Print.cpp.o)
String::replace(String const&, String const&)     E:\mr-bucket\Robot\Sonic\build\/core_mega2560_16.a(WString.cpp.o)
String::replace(char, char)                       E:\mr-bucket\Robot\Sonic\build\/core_mega2560_16.a(WString.cpp.o)
String::reserve(unsigned int)                     E:\mr-bucket\Robot\Sonic\build\/core_mega2560_16.a(WString.cpp.o)
String::setCharAt(unsigned int, char)             E:\mr-bucket\Robot\Sonic\build\/core_mega2560_16.a(WString.cpp.o)
String::startsWith(String const&) const           E:\mr-bucket\Robot\Sonic\build\/core_mega2560_16.a(WString.cpp.o)
String::startsWith(String const&, unsigned int) const E:\mr-bucket\Robot\Sonic\build\/core_mega2560_16.a(WString.cpp.o)
String::substring(unsigned int) const             E:\mr-bucket\Robot\Sonic\build\/core_mega2560_16.a(WString.cpp.o)
String::substring(unsigned int, unsigned int) const E:\mr-bucket\Robot\Sonic\build\/core_mega2560_16.a(WString.cpp.o)
String::toInt() const                             E:\mr-bucket\Robot\Sonic\build\/core_mega2560_16.a(WString.cpp.o)
String::toLowerCase()                             E:\mr-bucket\Robot\Sonic\build\/core_mega2560_16.a(WString.cpp.o)
String::toUpperCase()                             E:\mr-bucket\Robot\Sonic\build\/core_mega2560_16.a(WString.cpp.o)
String::trim()                                    E:\mr-bucket\Robot\Sonic\build\/core_mega2560_16.a(WString.cpp.o)
String::~String()                                 E:\mr-bucket\Robot\Sonic\build\/core_mega2560_16.a(WString.cpp.o)
String::~String()                                 E:\mr-bucket\Robot\Sonic\build\/core_mega2560_16.a(WString.cpp.o)
__addsf3                                          c:/users/veryangry/downloads/codeblocks/bin/../lib/gcc/avr/4.3.3/../../../../avr/lib/avr6\libm.a(addsf3.o)
                                                  E:\mr-bucket\Robot\Sonic\build\/core_mega2560_16.a(Print.cpp.o)
__addsf3x                                         c:/users/veryangry/downloads/codeblocks/bin/../lib/gcc/avr/4.3.3/../../../../avr/lib/avr6\libm.a(addsf3x.o)
                                                  c:/users/veryangry/downloads/codeblocks/bin/../lib/gcc/avr/4.3.3/../../../../avr/lib/avr6\libm.a(addsf3.o)
__bad_interrupt                                   c:/users/veryangry/downloads/codeblocks/bin/../lib/gcc/avr/4.3.3/../../../../avr/lib/avr6/crtm2560.o
__brkval                                          c:/users/veryangry/downloads/codeblocks/bin/../lib/gcc/avr/4.3.3/../../../../avr/lib/avr6\libc.a(realloc.o)
                                                  c:/users/veryangry/downloads/codeblocks/bin/../lib/gcc/avr/4.3.3/../../../../avr/lib/avr6\libc.a(malloc.o)
__bss_end                                         c:/users/veryangry/downloads/codeblocks/bin/../lib/gcc/avr/4.3.3/avr6\libgcc.a(_clear_bss.o)
__bss_start                                       c:/users/veryangry/downloads/codeblocks/bin/../lib/gcc/avr/4.3.3/avr6\libgcc.a(_clear_bss.o)
__cmpsf2                                          c:/users/veryangry/downloads/codeblocks/bin/../lib/gcc/avr/4.3.3/../../../../avr/lib/avr6\libm.a(cmpsf2.o)
__ctors_end                                       c:/users/veryangry/downloads/codeblocks/bin/../lib/gcc/avr/4.3.3/avr6\libgcc.a(_ctors.o)
__ctors_start                                     c:/users/veryangry/downloads/codeblocks/bin/../lib/gcc/avr/4.3.3/avr6\libgcc.a(_ctors.o)
__ctype_isfalse                                   c:/users/veryangry/downloads/codeblocks/bin/../lib/gcc/avr/4.3.3/../../../../avr/lib/avr6\libc.a(cty_isfalse.o)
                                                  c:/users/veryangry/downloads/codeblocks/bin/../lib/gcc/avr/4.3.3/../../../../avr/lib/avr6\libc.a(isspace.o)
__ctype_istrue                                    c:/users/veryangry/downloads/codeblocks/bin/../lib/gcc/avr/4.3.3/../../../../avr/lib/avr6\libc.a(cty_isfalse.o)
__cxa_guard_abort                                 E:\mr-bucket\Robot\Sonic\build\/core_mega2560_16.a(new.cpp.o)
__cxa_guard_acquire                               E:\mr-bucket\Robot\Sonic\build\/core_mega2560_16.a(new.cpp.o)
__cxa_guard_release                               E:\mr-bucket\Robot\Sonic\build\/core_mega2560_16.a(new.cpp.o)
__cxa_pure_virtual                                E:\mr-bucket\Robot\Sonic\build\/core_mega2560_16.a(new.cpp.o)
                                                  E:\mr-bucket\Robot\Sonic\build\/core_mega2560_16.a(Print.cpp.o)
                                                  E:\mr-bucket\Robot\Sonic\build\/core_mega2560_16.a(HardwareSerial.cpp.o)
__data_end                                        c:/users/veryangry/downloads/codeblocks/bin/../lib/gcc/avr/4.3.3/../../../../avr/lib/avr6/crtm2560.o
__data_load_start                                 c:/users/veryangry/downloads/codeblocks/bin/../lib/gcc/avr/4.3.3/../../../../avr/lib/avr6/crtm2560.o
__data_start                                      c:/users/veryangry/downloads/codeblocks/bin/../lib/gcc/avr/4.3.3/../../../../avr/lib/avr6/crtm2560.o
__divsf3                                          c:/users/veryangry/downloads/codeblocks/bin/../lib/gcc/avr/4.3.3/../../../../avr/lib/avr6\libm.a(divsf3.o)
                                                  E:\mr-bucket\Robot\Sonic\build\/core_mega2560_16.a(Print.cpp.o)
__divsf3_pse                                      c:/users/veryangry/downloads/codeblocks/bin/../lib/gcc/avr/4.3.3/../../../../avr/lib/avr6\libm.a(divsf3x.o)
__divsf3x                                         c:/users/veryangry/downloads/codeblocks/bin/../lib/gcc/avr/4.3.3/../../../../avr/lib/avr6\libm.a(divsf3x.o)
                                                  c:/users/veryangry/downloads/codeblocks/bin/../lib/gcc/avr/4.3.3/../../../../avr/lib/avr6\libm.a(divsf3.o)
__do_clear_bss                                    c:/users/veryangry/downloads/codeblocks/bin/../lib/gcc/avr/4.3.3/avr6\libgcc.a(_clear_bss.o)
                                                  c:/users/veryangry/downloads/codeblocks/bin/../lib/gcc/avr/4.3.3/../../../../avr/lib/avr6\libc.a(realloc.o)
                                                  c:/users/veryangry/downloads/codeblocks/bin/../lib/gcc/avr/4.3.3/../../../../avr/lib/avr6\libc.a(malloc.o)
                                                  E:\mr-bucket\Robot\Sonic\build\/core_mega2560_16.a(WString.cpp.o)
                                                  E:\mr-bucket\Robot\Sonic\build\/core_mega2560_16.a(wiring.c.o)
                                                  E:\mr-bucket\Robot\Sonic\build\/core_mega2560_16.a(HardwareSerial.cpp.o)
                                                  build\Sonic.o
                                                  build\Sonic\LineSensor.o
__do_copy_data                                    c:/users/veryangry/downloads/codeblocks/bin/../lib/gcc/avr/4.3.3/../../../../avr/lib/avr6/crtm2560.o
                                                  c:/users/veryangry/downloads/codeblocks/bin/../lib/gcc/avr/4.3.3/../../../../avr/lib/avr6\libc.a(realloc.o)
                                                  c:/users/veryangry/downloads/codeblocks/bin/../lib/gcc/avr/4.3.3/../../../../avr/lib/avr6\libc.a(malloc.o)
                                                  E:\mr-bucket\Robot\Sonic\build\/core_mega2560_16.a(WString.cpp.o)
                                                  E:\mr-bucket\Robot\Sonic\build\/core_mega2560_16.a(Print.cpp.o)
                                                  E:\mr-bucket\Robot\Sonic\build\/core_mega2560_16.a(HardwareSerial.cpp.o)
__do_global_ctors                                 c:/users/veryangry/downloads/codeblocks/bin/../lib/gcc/avr/4.3.3/avr6\libgcc.a(_ctors.o)
                                                  E:\mr-bucket\Robot\Sonic\build\/core_mega2560_16.a(HardwareSerial.cpp.o)
                                                  build\Sonic.o
__epilogue_restores__                             c:/users/veryangry/downloads/codeblocks/bin/../lib/gcc/avr/4.3.3/avr6\libgcc.a(_epilogue.o)
                                                  c:/users/veryangry/downloads/codeblocks/bin/../lib/gcc/avr/4.3.3/../../../../avr/lib/avr6\libc.a(realloc.o)
__eqsf2                                           c:/users/veryangry/downloads/codeblocks/bin/../lib/gcc/avr/4.3.3/../../../../avr/lib/avr6\libm.a(cmpsf2.o)
__fixsfsi                                         c:/users/veryangry/downloads/codeblocks/bin/../lib/gcc/avr/4.3.3/../../../../avr/lib/avr6\libm.a(fixsfsi.o)
                                                  E:\mr-bucket\Robot\Sonic\build\/core_mega2560_16.a(Print.cpp.o)
__fixunssfsi                                      c:/users/veryangry/downloads/codeblocks/bin/../lib/gcc/avr/4.3.3/../../../../avr/lib/avr6\libm.a(fixunssfsi.o)
                                                  c:/users/veryangry/downloads/codeblocks/bin/../lib/gcc/avr/4.3.3/../../../../avr/lib/avr6\libm.a(fixsfsi.o)
                                                  E:\mr-bucket\Robot\Sonic\build\/core_mega2560_16.a(Print.cpp.o)
__floatsisf                                       c:/users/veryangry/downloads/codeblocks/bin/../lib/gcc/avr/4.3.3/../../../../avr/lib/avr6\libm.a(floatsisf.o)
                                                  E:\mr-bucket\Robot\Sonic\build\/core_mega2560_16.a(Print.cpp.o)
__floatunsisf                                     c:/users/veryangry/downloads/codeblocks/bin/../lib/gcc/avr/4.3.3/../../../../avr/lib/avr6\libm.a(floatsisf.o)
                                                  E:\mr-bucket\Robot\Sonic\build\/core_mega2560_16.a(Print.cpp.o)
__flp                                             c:/users/veryangry/downloads/codeblocks/bin/../lib/gcc/avr/4.3.3/../../../../avr/lib/avr6\libc.a(realloc.o)
                                                  c:/users/veryangry/downloads/codeblocks/bin/../lib/gcc/avr/4.3.3/../../../../avr/lib/avr6\libc.a(malloc.o)
__fp_cmp                                          c:/users/veryangry/downloads/codeblocks/bin/../lib/gcc/avr/4.3.3/../../../../avr/lib/avr6\libm.a(fp_cmp.o)
                                                  c:/users/veryangry/downloads/codeblocks/bin/../lib/gcc/avr/4.3.3/../../../../avr/lib/avr6\libm.a(unordsf2.o)
                                                  c:/users/veryangry/downloads/codeblocks/bin/../lib/gcc/avr/4.3.3/../../../../avr/lib/avr6\libm.a(gesf2.o)
                                                  c:/users/veryangry/downloads/codeblocks/bin/../lib/gcc/avr/4.3.3/../../../../avr/lib/avr6\libm.a(cmpsf2.o)
__fp_inf                                          c:/users/veryangry/downloads/codeblocks/bin/../lib/gcc/avr/4.3.3/../../../../avr/lib/avr6\libm.a(fp_inf.o)
                                                  c:/users/veryangry/downloads/codeblocks/bin/../lib/gcc/avr/4.3.3/../../../../avr/lib/avr6\libm.a(mulsf3x.o)
                                                  c:/users/veryangry/downloads/codeblocks/bin/../lib/gcc/avr/4.3.3/../../../../avr/lib/avr6\libm.a(divsf3x.o)
                                                  c:/users/veryangry/downloads/codeblocks/bin/../lib/gcc/avr/4.3.3/../../../../avr/lib/avr6\libm.a(addsf3x.o)
__fp_nan                                          c:/users/veryangry/downloads/codeblocks/bin/../lib/gcc/avr/4.3.3/../../../../avr/lib/avr6\libm.a(fp_nan.o)
                                                  c:/users/veryangry/downloads/codeblocks/bin/../lib/gcc/avr/4.3.3/../../../../avr/lib/avr6\libm.a(mulsf3x.o)
                                                  c:/users/veryangry/downloads/codeblocks/bin/../lib/gcc/avr/4.3.3/../../../../avr/lib/avr6\libm.a(divsf3x.o)
                                                  c:/users/veryangry/downloads/codeblocks/bin/../lib/gcc/avr/4.3.3/../../../../avr/lib/avr6\libm.a(addsf3x.o)
__fp_pscA                                         c:/users/veryangry/downloads/codeblocks/bin/../lib/gcc/avr/4.3.3/../../../../avr/lib/avr6\libm.a(fp_pscA.o)
                                                  c:/users/veryangry/downloads/codeblocks/bin/../lib/gcc/avr/4.3.3/../../../../avr/lib/avr6\libm.a(mulsf3x.o)
                                                  c:/users/veryangry/downloads/codeblocks/bin/../lib/gcc/avr/4.3.3/../../../../avr/lib/avr6\libm.a(divsf3x.o)
                                                  c:/users/veryangry/downloads/codeblocks/bin/../lib/gcc/avr/4.3.3/../../../../avr/lib/avr6\libm.a(addsf3x.o)
__fp_pscB                                         c:/users/veryangry/downloads/codeblocks/bin/../lib/gcc/avr/4.3.3/../../../../avr/lib/avr6\libm.a(fp_pscB.o)
                                                  c:/users/veryangry/downloads/codeblocks/bin/../lib/gcc/avr/4.3.3/../../../../avr/lib/avr6\libm.a(mulsf3x.o)
                                                  c:/users/veryangry/downloads/codeblocks/bin/../lib/gcc/avr/4.3.3/../../../../avr/lib/avr6\libm.a(divsf3x.o)
                                                  c:/users/veryangry/downloads/codeblocks/bin/../lib/gcc/avr/4.3.3/../../../../avr/lib/avr6\libm.a(addsf3x.o)
__fp_round                                        c:/users/veryangry/downloads/codeblocks/bin/../lib/gcc/avr/4.3.3/../../../../avr/lib/avr6\libm.a(fp_round.o)
                                                  c:/users/veryangry/downloads/codeblocks/bin/../lib/gcc/avr/4.3.3/../../../../avr/lib/avr6\libm.a(mulsf3.o)
                                                  c:/users/veryangry/downloads/codeblocks/bin/../lib/gcc/avr/4.3.3/../../../../avr/lib/avr6\libm.a(divsf3.o)
                                                  c:/users/veryangry/downloads/codeblocks/bin/../lib/gcc/avr/4.3.3/../../../../avr/lib/avr6\libm.a(addsf3.o)
__fp_split3                                       c:/users/veryangry/downloads/codeblocks/bin/../lib/gcc/avr/4.3.3/../../../../avr/lib/avr6\libm.a(fp_split3.o)
                                                  c:/users/veryangry/downloads/codeblocks/bin/../lib/gcc/avr/4.3.3/../../../../avr/lib/avr6\libm.a(mulsf3x.o)
                                                  c:/users/veryangry/downloads/codeblocks/bin/../lib/gcc/avr/4.3.3/../../../../avr/lib/avr6\libm.a(divsf3x.o)
                                                  c:/users/veryangry/downloads/codeblocks/bin/../lib/gcc/avr/4.3.3/../../../../avr/lib/avr6\libm.a(addsf3x.o)
__fp_splitA                                       c:/users/veryangry/downloads/codeblocks/bin/../lib/gcc/avr/4.3.3/../../../../avr/lib/avr6\libm.a(fp_split3.o)
                                                  c:/users/veryangry/downloads/codeblocks/bin/../lib/gcc/avr/4.3.3/../../../../avr/lib/avr6\libm.a(fixunssfsi.o)
__fp_szero                                        c:/users/veryangry/downloads/codeblocks/bin/../lib/gcc/avr/4.3.3/../../../../avr/lib/avr6\libm.a(fp_zero.o)
                                                  c:/users/veryangry/downloads/codeblocks/bin/../lib/gcc/avr/4.3.3/../../../../avr/lib/avr6\libm.a(mulsf3x.o)
                                                  c:/users/veryangry/downloads/codeblocks/bin/../lib/gcc/avr/4.3.3/../../../../avr/lib/avr6\libm.a(fixsfsi.o)
                                                  c:/users/veryangry/downloads/codeblocks/bin/../lib/gcc/avr/4.3.3/../../../../avr/lib/avr6\libm.a(divsf3x.o)
__fp_zero                                         c:/users/veryangry/downloads/codeblocks/bin/../lib/gcc/avr/4.3.3/../../../../avr/lib/avr6\libm.a(fp_zero.o)
                                                  c:/users/veryangry/downloads/codeblocks/bin/../lib/gcc/avr/4.3.3/../../../../avr/lib/avr6\libm.a(fixunssfsi.o)
                                                  c:/users/veryangry/downloads/codeblocks/bin/../lib/gcc/avr/4.3.3/../../../../avr/lib/avr6\libm.a(addsf3x.o)
__gesf2                                           c:/users/veryangry/downloads/codeblocks/bin/../lib/gcc/avr/4.3.3/../../../../avr/lib/avr6\libm.a(gesf2.o)
__gtsf2                                           c:/users/veryangry/downloads/codeblocks/bin/../lib/gcc/avr/4.3.3/../../../../avr/lib/avr6\libm.a(gesf2.o)
                                                  E:\mr-bucket\Robot\Sonic\build\/core_mega2560_16.a(Print.cpp.o)
__heap_end                                        c:/users/veryangry/downloads/codeblocks/bin/../lib/gcc/avr/4.3.3/../../../../avr/lib/avr6/crtm2560.o
                                                  c:/users/veryangry/downloads/codeblocks/bin/../lib/gcc/avr/4.3.3/../../../../avr/lib/avr6\libc.a(malloc.o)
__heap_start                                      c:/users/veryangry/downloads/codeblocks/bin/../lib/gcc/avr/4.3.3/../../../../avr/lib/avr6\libc.a(malloc.o)
__init                                            c:/users/veryangry/downloads/codeblocks/bin/../lib/gcc/avr/4.3.3/../../../../avr/lib/avr6/crtm2560.o
__lesf2                                           c:/users/veryangry/downloads/codeblocks/bin/../lib/gcc/avr/4.3.3/../../../../avr/lib/avr6\libm.a(cmpsf2.o)
                                                  E:\mr-bucket\Robot\Sonic\build\/core_mega2560_16.a(Print.cpp.o)
__ltsf2                                           c:/users/veryangry/downloads/codeblocks/bin/../lib/gcc/avr/4.3.3/../../../../avr/lib/avr6\libm.a(cmpsf2.o)
                                                  E:\mr-bucket\Robot\Sonic\build\/core_mega2560_16.a(Print.cpp.o)
__malloc_heap_end                                 c:/users/veryangry/downloads/codeblocks/bin/../lib/gcc/avr/4.3.3/../../../../avr/lib/avr6\libc.a(malloc.o)
                                                  c:/users/veryangry/downloads/codeblocks/bin/../lib/gcc/avr/4.3.3/../../../../avr/lib/avr6\libc.a(realloc.o)
__malloc_heap_start                               c:/users/veryangry/downloads/codeblocks/bin/../lib/gcc/avr/4.3.3/../../../../avr/lib/avr6\libc.a(malloc.o)
__malloc_margin                                   c:/users/veryangry/downloads/codeblocks/bin/../lib/gcc/avr/4.3.3/../../../../avr/lib/avr6\libc.a(malloc.o)
                                                  c:/users/veryangry/downloads/codeblocks/bin/../lib/gcc/avr/4.3.3/../../../../avr/lib/avr6\libc.a(realloc.o)
__mulsf3                                          c:/users/veryangry/downloads/codeblocks/bin/../lib/gcc/avr/4.3.3/../../../../avr/lib/avr6\libm.a(mulsf3.o)
                                                  E:\mr-bucket\Robot\Sonic\build\/core_mega2560_16.a(Print.cpp.o)
__mulsf3_pse                                      c:/users/veryangry/downloads/codeblocks/bin/../lib/gcc/avr/4.3.3/../../../../avr/lib/avr6\libm.a(mulsf3x.o)
__mulsf3x                                         c:/users/veryangry/downloads/codeblocks/bin/../lib/gcc/avr/4.3.3/../../../../avr/lib/avr6\libm.a(mulsf3x.o)
                                                  c:/users/veryangry/downloads/codeblocks/bin/../lib/gcc/avr/4.3.3/../../../../avr/lib/avr6\libm.a(mulsf3.o)
__mulsi3                                          c:/users/veryangry/downloads/codeblocks/bin/../lib/gcc/avr/4.3.3/avr6\libgcc.a(_mulsi3.o)
                                                  E:\mr-bucket\Robot\Sonic\build\/core_mega2560_16.a(Print.cpp.o)
__mulsi_const_10                                  c:/users/veryangry/downloads/codeblocks/bin/../lib/gcc/avr/4.3.3/../../../../avr/lib/avr6\libc.a(mulsi10.o)
                                                  c:/users/veryangry/downloads/codeblocks/bin/../lib/gcc/avr/4.3.3/../../../../avr/lib/avr6\libc.a(atol.o)
__nesf2                                           c:/users/veryangry/downloads/codeblocks/bin/../lib/gcc/avr/4.3.3/../../../../avr/lib/avr6\libm.a(cmpsf2.o)
__prologue_saves__                                c:/users/veryangry/downloads/codeblocks/bin/../lib/gcc/avr/4.3.3/avr6\libgcc.a(_prologue.o)
                                                  c:/users/veryangry/downloads/codeblocks/bin/../lib/gcc/avr/4.3.3/../../../../avr/lib/avr6\libc.a(realloc.o)
__stack                                           c:/users/veryangry/downloads/codeblocks/bin/../lib/gcc/avr/4.3.3/../../../../avr/lib/avr6/crtm2560.o
__subsf3                                          c:/users/veryangry/downloads/codeblocks/bin/../lib/gcc/avr/4.3.3/../../../../avr/lib/avr6\libm.a(addsf3.o)
                                                  E:\mr-bucket\Robot\Sonic\build\/core_mega2560_16.a(Print.cpp.o)
__tablejump2__                                    c:/users/veryangry/downloads/codeblocks/bin/../lib/gcc/avr/4.3.3/avr6\libgcc.a(_tablejump.o)
__tablejump__                                     c:/users/veryangry/downloads/codeblocks/bin/../lib/gcc/avr/4.3.3/avr6\libgcc.a(_tablejump.o)
                                                  c:/users/veryangry/downloads/codeblocks/bin/../lib/gcc/avr/4.3.3/avr6\libgcc.a(_ctors.o)
__udivmodhi4                                      c:/users/veryangry/downloads/codeblocks/bin/../lib/gcc/avr/4.3.3/avr6\libgcc.a(_udivmodhi4.o)
                                                  c:/users/veryangry/downloads/codeblocks/bin/../lib/gcc/avr/4.3.3/../../../../avr/lib/avr6\libc.a(utoa.o)
                                                  c:/users/veryangry/downloads/codeblocks/bin/../lib/gcc/avr/4.3.3/../../../../avr/lib/avr6\libc.a(itoa.o)
__udivmodsi4                                      c:/users/veryangry/downloads/codeblocks/bin/../lib/gcc/avr/4.3.3/avr6\libgcc.a(_udivmodsi4.o)
                                                  c:/users/veryangry/downloads/codeblocks/bin/../lib/gcc/avr/4.3.3/../../../../avr/lib/avr6\libc.a(ultoa.o)
                                                  c:/users/veryangry/downloads/codeblocks/bin/../lib/gcc/avr/4.3.3/../../../../avr/lib/avr6\libc.a(ltoa.o)
                                                  E:\mr-bucket\Robot\Sonic\build\/core_mega2560_16.a(Print.cpp.o)
                                                  E:\mr-bucket\Robot\Sonic\build\/core_mega2560_16.a(HardwareSerial.cpp.o)
__unordsf2                                        c:/users/veryangry/downloads/codeblocks/bin/../lib/gcc/avr/4.3.3/../../../../avr/lib/avr6\libm.a(unordsf2.o)
                                                  E:\mr-bucket\Robot\Sonic\build\/core_mega2560_16.a(Print.cpp.o)
__vector_1                                        c:/users/veryangry/downloads/codeblocks/bin/../lib/gcc/avr/4.3.3/../../../../avr/lib/avr6/crtm2560.o
__vector_10                                       c:/users/veryangry/downloads/codeblocks/bin/../lib/gcc/avr/4.3.3/../../../../avr/lib/avr6/crtm2560.o
__vector_11                                       c:/users/veryangry/downloads/codeblocks/bin/../lib/gcc/avr/4.3.3/../../../../avr/lib/avr6/crtm2560.o
__vector_12                                       c:/users/veryangry/downloads/codeblocks/bin/../lib/gcc/avr/4.3.3/../../../../avr/lib/avr6/crtm2560.o
__vector_13                                       c:/users/veryangry/downloads/codeblocks/bin/../lib/gcc/avr/4.3.3/../../../../avr/lib/avr6/crtm2560.o
__vector_14                                       c:/users/veryangry/downloads/codeblocks/bin/../lib/gcc/avr/4.3.3/../../../../avr/lib/avr6/crtm2560.o
__vector_15                                       c:/users/veryangry/downloads/codeblocks/bin/../lib/gcc/avr/4.3.3/../../../../avr/lib/avr6/crtm2560.o
__vector_16                                       c:/users/veryangry/downloads/codeblocks/bin/../lib/gcc/avr/4.3.3/../../../../avr/lib/avr6/crtm2560.o
__vector_17                                       c:/users/veryangry/downloads/codeblocks/bin/../lib/gcc/avr/4.3.3/../../../../avr/lib/avr6/crtm2560.o
__vector_18                                       c:/users/veryangry/downloads/codeblocks/bin/../lib/gcc/avr/4.3.3/../../../../avr/lib/avr6/crtm2560.o
__vector_19                                       c:/users/veryangry/downloads/codeblocks/bin/../lib/gcc/avr/4.3.3/../../../../avr/lib/avr6/crtm2560.o
__vector_2                                        c:/users/veryangry/downloads/codeblocks/bin/../lib/gcc/avr/4.3.3/../../../../avr/lib/avr6/crtm2560.o
__vector_20                                       c:/users/veryangry/downloads/codeblocks/bin/../lib/gcc/avr/4.3.3/../../../../avr/lib/avr6/crtm2560.o
__vector_21                                       c:/users/veryangry/downloads/codeblocks/bin/../lib/gcc/avr/4.3.3/../../../../avr/lib/avr6/crtm2560.o
__vector_22                                       c:/users/veryangry/downloads/codeblocks/bin/../lib/gcc/avr/4.3.3/../../../../avr/lib/avr6/crtm2560.o
__vector_23                                       E:\mr-bucket\Robot\Sonic\build\/core_mega2560_16.a(wiring.c.o)
                                                  c:/users/veryangry/downloads/codeblocks/bin/../lib/gcc/avr/4.3.3/../../../../avr/lib/avr6/crtm2560.o
__vector_24                                       c:/users/veryangry/downloads/codeblocks/bin/../lib/gcc/avr/4.3.3/../../../../avr/lib/avr6/crtm2560.o
__vector_25                                       E:\mr-bucket\Robot\Sonic\build\/core_mega2560_16.a(HardwareSerial.cpp.o)
                                                  c:/users/veryangry/downloads/codeblocks/bin/../lib/gcc/avr/4.3.3/../../../../avr/lib/avr6/crtm2560.o
__vector_26                                       E:\mr-bucket\Robot\Sonic\build\/core_mega2560_16.a(HardwareSerial.cpp.o)
                                                  c:/users/veryangry/downloads/codeblocks/bin/../lib/gcc/avr/4.3.3/../../../../avr/lib/avr6/crtm2560.o
__vector_27                                       c:/users/veryangry/downloads/codeblocks/bin/../lib/gcc/avr/4.3.3/../../../../avr/lib/avr6/crtm2560.o
__vector_28                                       c:/users/veryangry/downloads/codeblocks/bin/../lib/gcc/avr/4.3.3/../../../../avr/lib/avr6/crtm2560.o
__vector_29                                       c:/users/veryangry/downloads/codeblocks/bin/../lib/gcc/avr/4.3.3/../../../../avr/lib/avr6/crtm2560.o
__vector_3                                        c:/users/veryangry/downloads/codeblocks/bin/../lib/gcc/avr/4.3.3/../../../../avr/lib/avr6/crtm2560.o
__vector_30                                       c:/users/veryangry/downloads/codeblocks/bin/../lib/gcc/avr/4.3.3/../../../../avr/lib/avr6/crtm2560.o
__vector_31                                       c:/users/veryangry/downloads/codeblocks/bin/../lib/gcc/avr/4.3.3/../../../../avr/lib/avr6/crtm2560.o
__vector_32                                       c:/users/veryangry/downloads/codeblocks/bin/../lib/gcc/avr/4.3.3/../../../../avr/lib/avr6/crtm2560.o
__vector_33                                       c:/users/veryangry/downloads/codeblocks/bin/../lib/gcc/avr/4.3.3/../../../../avr/lib/avr6/crtm2560.o
__vector_34                                       c:/users/veryangry/downloads/codeblocks/bin/../lib/gcc/avr/4.3.3/../../../../avr/lib/avr6/crtm2560.o
__vector_35                                       c:/users/veryangry/downloads/codeblocks/bin/../lib/gcc/avr/4.3.3/../../../../avr/lib/avr6/crtm2560.o
__vector_36                                       E:\mr-bucket\Robot\Sonic\build\/core_mega2560_16.a(HardwareSerial.cpp.o)
                                                  c:/users/veryangry/downloads/codeblocks/bin/../lib/gcc/avr/4.3.3/../../../../avr/lib/avr6/crtm2560.o
__vector_37                                       E:\mr-bucket\Robot\Sonic\build\/core_mega2560_16.a(HardwareSerial.cpp.o)
                                                  c:/users/veryangry/downloads/codeblocks/bin/../lib/gcc/avr/4.3.3/../../../../avr/lib/avr6/crtm2560.o
__vector_38                                       c:/users/veryangry/downloads/codeblocks/bin/../lib/gcc/avr/4.3.3/../../../../avr/lib/avr6/crtm2560.o
__vector_39                                       c:/users/veryangry/downloads/codeblocks/bin/../lib/gcc/avr/4.3.3/../../../../avr/lib/avr6/crtm2560.o
__vector_4                                        c:/users/veryangry/downloads/codeblocks/bin/../lib/gcc/avr/4.3.3/../../../../avr/lib/avr6/crtm2560.o
__vector_40                                       c:/users/veryangry/downloads/codeblocks/bin/../lib/gcc/avr/4.3.3/../../../../avr/lib/avr6/crtm2560.o
__vector_41                                       c:/users/veryangry/downloads/codeblocks/bin/../lib/gcc/avr/4.3.3/../../../../avr/lib/avr6/crtm2560.o
__vector_42                                       c:/users/veryangry/downloads/codeblocks/bin/../lib/gcc/avr/4.3.3/../../../../avr/lib/avr6/crtm2560.o
__vector_43                                       c:/users/veryangry/downloads/codeblocks/bin/../lib/gcc/avr/4.3.3/../../../../avr/lib/avr6/crtm2560.o
__vector_44                                       c:/users/veryangry/downloads/codeblocks/bin/../lib/gcc/avr/4.3.3/../../../../avr/lib/avr6/crtm2560.o
__vector_45                                       c:/users/veryangry/downloads/codeblocks/bin/../lib/gcc/avr/4.3.3/../../../../avr/lib/avr6/crtm2560.o
__vector_46                                       c:/users/veryangry/downloads/codeblocks/bin/../lib/gcc/avr/4.3.3/../../../../avr/lib/avr6/crtm2560.o
__vector_47                                       c:/users/veryangry/downloads/codeblocks/bin/../lib/gcc/avr/4.3.3/../../../../avr/lib/avr6/crtm2560.o
__vector_48                                       c:/users/veryangry/downloads/codeblocks/bin/../lib/gcc/avr/4.3.3/../../../../avr/lib/avr6/crtm2560.o
__vector_49                                       c:/users/veryangry/downloads/codeblocks/bin/../lib/gcc/avr/4.3.3/../../../../avr/lib/avr6/crtm2560.o
__vector_5                                        c:/users/veryangry/downloads/codeblocks/bin/../lib/gcc/avr/4.3.3/../../../../avr/lib/avr6/crtm2560.o
__vector_50                                       c:/users/veryangry/downloads/codeblocks/bin/../lib/gcc/avr/4.3.3/../../../../avr/lib/avr6/crtm2560.o
__vector_51                                       E:\mr-bucket\Robot\Sonic\build\/core_mega2560_16.a(HardwareSerial.cpp.o)
                                                  c:/users/veryangry/downloads/codeblocks/bin/../lib/gcc/avr/4.3.3/../../../../avr/lib/avr6/crtm2560.o
__vector_52                                       E:\mr-bucket\Robot\Sonic\build\/core_mega2560_16.a(HardwareSerial.cpp.o)
                                                  c:/users/veryangry/downloads/codeblocks/bin/../lib/gcc/avr/4.3.3/../../../../avr/lib/avr6/crtm2560.o
__vector_53                                       c:/users/veryangry/downloads/codeblocks/bin/../lib/gcc/avr/4.3.3/../../../../avr/lib/avr6/crtm2560.o
__vector_54                                       E:\mr-bucket\Robot\Sonic\build\/core_mega2560_16.a(HardwareSerial.cpp.o)
                                                  c:/users/veryangry/downloads/codeblocks/bin/../lib/gcc/avr/4.3.3/../../../../avr/lib/avr6/crtm2560.o
__vector_55                                       E:\mr-bucket\Robot\Sonic\build\/core_mega2560_16.a(HardwareSerial.cpp.o)
                                                  c:/users/veryangry/downloads/codeblocks/bin/../lib/gcc/avr/4.3.3/../../../../avr/lib/avr6/crtm2560.o
__vector_56                                       c:/users/veryangry/downloads/codeblocks/bin/../lib/gcc/avr/4.3.3/../../../../avr/lib/avr6/crtm2560.o
__vector_6                                        c:/users/veryangry/downloads/codeblocks/bin/../lib/gcc/avr/4.3.3/../../../../avr/lib/avr6/crtm2560.o
__vector_7                                        c:/users/veryangry/downloads/codeblocks/bin/../lib/gcc/avr/4.3.3/../../../../avr/lib/avr6/crtm2560.o
__vector_8                                        c:/users/veryangry/downloads/codeblocks/bin/../lib/gcc/avr/4.3.3/../../../../avr/lib/avr6/crtm2560.o
__vector_9                                        c:/users/veryangry/downloads/codeblocks/bin/../lib/gcc/avr/4.3.3/../../../../avr/lib/avr6/crtm2560.o
__vector_default                                  c:/users/veryangry/downloads/codeblocks/bin/../lib/gcc/avr/4.3.3/../../../../avr/lib/avr6/crtm2560.o
__vectors                                         c:/users/veryangry/downloads/codeblocks/bin/../lib/gcc/avr/4.3.3/../../../../avr/lib/avr6/crtm2560.o
_exit                                             c:/users/veryangry/downloads/codeblocks/bin/../lib/gcc/avr/4.3.3/avr6\libgcc.a(_exit.o)
acount                                            build\Sonic\LineSensor.o
atol                                              c:/users/veryangry/downloads/codeblocks/bin/../lib/gcc/avr/4.3.3/../../../../avr/lib/avr6\libc.a(atol.o)
                                                  E:\mr-bucket\Robot\Sonic\build\/core_mega2560_16.a(WString.cpp.o)
delay                                             E:\mr-bucket\Robot\Sonic\build\/core_mega2560_16.a(wiring.c.o)
delayMicroseconds                                 E:\mr-bucket\Robot\Sonic\build\/core_mega2560_16.a(wiring.c.o)
                                                  build\Sonic.o
                                                  build\Sonic\LineSensor.o
digitalRead                                       E:\mr-bucket\Robot\Sonic\build\/core_mega2560_16.a(wiring_digital.c.o)
digitalWrite                                      E:\mr-bucket\Robot\Sonic\build\/core_mega2560_16.a(wiring_digital.c.o)
                                                  build\Sonic.o
digital_pin_to_bit_mask_PGM                       E:\mr-bucket\Robot\Sonic\build\/core_mega2560_16.a(wiring_digital.c.o)
digital_pin_to_port_PGM                           E:\mr-bucket\Robot\Sonic\build\/core_mega2560_16.a(wiring_digital.c.o)
digital_pin_to_timer_PGM                          E:\mr-bucket\Robot\Sonic\build\/core_mega2560_16.a(wiring_digital.c.o)
exit                                              c:/users/veryangry/downloads/codeblocks/bin/../lib/gcc/avr/4.3.3/avr6\libgcc.a(_exit.o)
                                                  c:/users/veryangry/downloads/codeblocks/bin/../lib/gcc/avr/4.3.3/../../../../avr/lib/avr6/crtm2560.o
free                                              c:/users/veryangry/downloads/codeblocks/bin/../lib/gcc/avr/4.3.3/../../../../avr/lib/avr6\libc.a(malloc.o)
                                                  c:/users/veryangry/downloads/codeblocks/bin/../lib/gcc/avr/4.3.3/../../../../avr/lib/avr6\libc.a(realloc.o)
                                                  E:\mr-bucket\Robot\Sonic\build\/core_mega2560_16.a(WString.cpp.o)
                                                  E:\mr-bucket\Robot\Sonic\build\/core_mega2560_16.a(new.cpp.o)
iFlags                                            build\Sonic\LineSensor.o
icount                                            build\Sonic\LineSensor.o
init                                              E:\mr-bucket\Robot\Sonic\build\/core_mega2560_16.a(wiring.c.o)
                                                  E:\mr-bucket\Robot\Sonic\build\/core_mega2560_16.a(main.cpp.o)
isspace                                           c:/users/veryangry/downloads/codeblocks/bin/../lib/gcc/avr/4.3.3/../../../../avr/lib/avr6\libc.a(isspace.o)
                                                  E:\mr-bucket\Robot\Sonic\build\/core_mega2560_16.a(WString.cpp.o)
itoa                                              c:/users/veryangry/downloads/codeblocks/bin/../lib/gcc/avr/4.3.3/../../../../avr/lib/avr6\libc.a(itoa.o)
                                                  E:\mr-bucket\Robot\Sonic\build\/core_mega2560_16.a(WString.cpp.o)
loop                                              build\Sonic.o
                                                  E:\mr-bucket\Robot\Sonic\build\/core_mega2560_16.a(main.cpp.o)
loopStartTime                                     build\Sonic\LineSensor.o
loopTime                                          build\Sonic\LineSensor.o
ltoa                                              c:/users/veryangry/downloads/codeblocks/bin/../lib/gcc/avr/4.3.3/../../../../avr/lib/avr6\libc.a(ltoa.o)
                                                  E:\mr-bucket\Robot\Sonic\build\/core_mega2560_16.a(WString.cpp.o)
main                                              E:\mr-bucket\Robot\Sonic\build\/core_mega2560_16.a(main.cpp.o)
                                                  c:/users/veryangry/downloads/codeblocks/bin/../lib/gcc/avr/4.3.3/../../../../avr/lib/avr6/crtm2560.o
malloc                                            c:/users/veryangry/downloads/codeblocks/bin/../lib/gcc/avr/4.3.3/../../../../avr/lib/avr6\libc.a(malloc.o)
                                                  c:/users/veryangry/downloads/codeblocks/bin/../lib/gcc/avr/4.3.3/../../../../avr/lib/avr6\libc.a(realloc.o)
                                                  E:\mr-bucket\Robot\Sonic\build\/core_mega2560_16.a(new.cpp.o)
maxLoopTime                                       build\Sonic\LineSensor.o
memcpy                                            c:/users/veryangry/downloads/codeblocks/bin/../lib/gcc/avr/4.3.3/../../../../avr/lib/avr6\libc.a(memcpy.o)
                                                  c:/users/veryangry/downloads/codeblocks/bin/../lib/gcc/avr/4.3.3/../../../../avr/lib/avr6\libc.a(memmove.o)
                                                  c:/users/veryangry/downloads/codeblocks/bin/../lib/gcc/avr/4.3.3/../../../../avr/lib/avr6\libc.a(realloc.o)
                                                  E:\mr-bucket\Robot\Sonic\build\/core_mega2560_16.a(WString.cpp.o)
memmove                                           c:/users/veryangry/downloads/codeblocks/bin/../lib/gcc/avr/4.3.3/../../../../avr/lib/avr6\libc.a(memmove.o)
                                                  E:\mr-bucket\Robot\Sonic\build\/core_mega2560_16.a(WString.cpp.o)
micros                                            E:\mr-bucket\Robot\Sonic\build\/core_mega2560_16.a(wiring.c.o)
millis                                            E:\mr-bucket\Robot\Sonic\build\/core_mega2560_16.a(wiring.c.o)
operator delete(void*)                            E:\mr-bucket\Robot\Sonic\build\/core_mega2560_16.a(new.cpp.o)
operator delete[](void*)                          E:\mr-bucket\Robot\Sonic\build\/core_mega2560_16.a(new.cpp.o)
operator new(unsigned int)                        E:\mr-bucket\Robot\Sonic\build\/core_mega2560_16.a(new.cpp.o)
operator new[](unsigned int)                      E:\mr-bucket\Robot\Sonic\build\/core_mega2560_16.a(new.cpp.o)
operator+(StringSumHelper const&, String const&)  E:\mr-bucket\Robot\Sonic\build\/core_mega2560_16.a(WString.cpp.o)
operator+(StringSumHelper const&, char const*)    E:\mr-bucket\Robot\Sonic\build\/core_mega2560_16.a(WString.cpp.o)
operator+(StringSumHelper const&, char)           E:\mr-bucket\Robot\Sonic\build\/core_mega2560_16.a(WString.cpp.o)
operator+(StringSumHelper const&, int)            E:\mr-bucket\Robot\Sonic\build\/core_mega2560_16.a(WString.cpp.o)
operator+(StringSumHelper const&, long)           E:\mr-bucket\Robot\Sonic\build\/core_mega2560_16.a(WString.cpp.o)
operator+(StringSumHelper const&, unsigned char)  E:\mr-bucket\Robot\Sonic\build\/core_mega2560_16.a(WString.cpp.o)
operator+(StringSumHelper const&, unsigned int)   E:\mr-bucket\Robot\Sonic\build\/core_mega2560_16.a(WString.cpp.o)
operator+(StringSumHelper const&, unsigned long)  E:\mr-bucket\Robot\Sonic\build\/core_mega2560_16.a(WString.cpp.o)
pinMode                                           E:\mr-bucket\Robot\Sonic\build\/core_mega2560_16.a(wiring_digital.c.o)
                                                  build\Sonic.o
port_to_input_PGM                                 E:\mr-bucket\Robot\Sonic\build\/core_mega2560_16.a(wiring_digital.c.o)
port_to_mode_PGM                                  E:\mr-bucket\Robot\Sonic\build\/core_mega2560_16.a(wiring_digital.c.o)
port_to_output_PGM                                E:\mr-bucket\Robot\Sonic\build\/core_mega2560_16.a(wiring_digital.c.o)
printOutLineSenData                               build\Sonic\LineSensor.o
realloc                                           c:/users/veryangry/downloads/codeblocks/bin/../lib/gcc/avr/4.3.3/../../../../avr/lib/avr6\libc.a(realloc.o)
                                                  E:\mr-bucket\Robot\Sonic\build\/core_mega2560_16.a(WString.cpp.o)
rx_buffer                                         E:\mr-bucket\Robot\Sonic\build\/core_mega2560_16.a(HardwareSerial.cpp.o)
rx_buffer1                                        E:\mr-bucket\Robot\Sonic\build\/core_mega2560_16.a(HardwareSerial.cpp.o)
rx_buffer2                                        E:\mr-bucket\Robot\Sonic\build\/core_mega2560_16.a(HardwareSerial.cpp.o)
rx_buffer3                                        E:\mr-bucket\Robot\Sonic\build\/core_mega2560_16.a(HardwareSerial.cpp.o)
serialEvent()                                     E:\mr-bucket\Robot\Sonic\build\/core_mega2560_16.a(HardwareSerial.cpp.o)
serialEvent1()                                    E:\mr-bucket\Robot\Sonic\build\/core_mega2560_16.a(HardwareSerial.cpp.o)
serialEvent2()                                    E:\mr-bucket\Robot\Sonic\build\/core_mega2560_16.a(HardwareSerial.cpp.o)
serialEvent3()                                    E:\mr-bucket\Robot\Sonic\build\/core_mega2560_16.a(HardwareSerial.cpp.o)
serialEventRun()                                  E:\mr-bucket\Robot\Sonic\build\/core_mega2560_16.a(HardwareSerial.cpp.o)
                                                  E:\mr-bucket\Robot\Sonic\build\/core_mega2560_16.a(main.cpp.o)
setup                                             build\Sonic.o
                                                  E:\mr-bucket\Robot\Sonic\build\/core_mega2560_16.a(main.cpp.o)
strchr                                            c:/users/veryangry/downloads/codeblocks/bin/../lib/gcc/avr/4.3.3/../../../../avr/lib/avr6\libc.a(strchr.o)
                                                  E:\mr-bucket\Robot\Sonic\build\/core_mega2560_16.a(WString.cpp.o)
strcmp                                            c:/users/veryangry/downloads/codeblocks/bin/../lib/gcc/avr/4.3.3/../../../../avr/lib/avr6\libc.a(strcmp.o)
                                                  E:\mr-bucket\Robot\Sonic\build\/core_mega2560_16.a(WString.cpp.o)
strcpy                                            c:/users/veryangry/downloads/codeblocks/bin/../lib/gcc/avr/4.3.3/../../../../avr/lib/avr6\libc.a(strcpy.o)
                                                  E:\mr-bucket\Robot\Sonic\build\/core_mega2560_16.a(WString.cpp.o)
strncmp                                           c:/users/veryangry/downloads/codeblocks/bin/../lib/gcc/avr/4.3.3/../../../../avr/lib/avr6\libc.a(strncmp.o)
                                                  E:\mr-bucket\Robot\Sonic\build\/core_mega2560_16.a(WString.cpp.o)
strncpy                                           c:/users/veryangry/downloads/codeblocks/bin/../lib/gcc/avr/4.3.3/../../../../avr/lib/avr6\libc.a(strncpy.o)
                                                  E:\mr-bucket\Robot\Sonic\build\/core_mega2560_16.a(WString.cpp.o)
strrchr                                           c:/users/veryangry/downloads/codeblocks/bin/../lib/gcc/avr/4.3.3/../../../../avr/lib/avr6\libc.a(strrchr.o)
                                                  E:\mr-bucket\Robot\Sonic\build\/core_mega2560_16.a(WString.cpp.o)
strrev                                            c:/users/veryangry/downloads/codeblocks/bin/../lib/gcc/avr/4.3.3/../../../../avr/lib/avr6\libc.a(strrev.o)
                                                  c:/users/veryangry/downloads/codeblocks/bin/../lib/gcc/avr/4.3.3/../../../../avr/lib/avr6\libc.a(utoa.o)
                                                  c:/users/veryangry/downloads/codeblocks/bin/../lib/gcc/avr/4.3.3/../../../../avr/lib/avr6\libc.a(ultoa.o)
                                                  c:/users/veryangry/downloads/codeblocks/bin/../lib/gcc/avr/4.3.3/../../../../avr/lib/avr6\libc.a(ltoa.o)
                                                  c:/users/veryangry/downloads/codeblocks/bin/../lib/gcc/avr/4.3.3/../../../../avr/lib/avr6\libc.a(itoa.o)
strstr                                            c:/users/veryangry/downloads/codeblocks/bin/../lib/gcc/avr/4.3.3/../../../../avr/lib/avr6\libc.a(strstr.o)
                                                  E:\mr-bucket\Robot\Sonic\build\/core_mega2560_16.a(WString.cpp.o)
testFront                                         build\Sonic.o
timer0_millis                                     E:\mr-bucket\Robot\Sonic\build\/core_mega2560_16.a(wiring.c.o)
timer0_overflow_count                             E:\mr-bucket\Robot\Sonic\build\/core_mega2560_16.a(wiring.c.o)
tolower                                           c:/users/veryangry/downloads/codeblocks/bin/../lib/gcc/avr/4.3.3/../../../../avr/lib/avr6\libc.a(tolower.o)
                                                  E:\mr-bucket\Robot\Sonic\build\/core_mega2560_16.a(WString.cpp.o)
toupper                                           c:/users/veryangry/downloads/codeblocks/bin/../lib/gcc/avr/4.3.3/../../../../avr/lib/avr6\libc.a(toupper.o)
                                                  E:\mr-bucket\Robot\Sonic\build\/core_mega2560_16.a(WString.cpp.o)
tx_buffer                                         E:\mr-bucket\Robot\Sonic\build\/core_mega2560_16.a(HardwareSerial.cpp.o)
tx_buffer1                                        E:\mr-bucket\Robot\Sonic\build\/core_mega2560_16.a(HardwareSerial.cpp.o)
tx_buffer2                                        E:\mr-bucket\Robot\Sonic\build\/core_mega2560_16.a(HardwareSerial.cpp.o)
tx_buffer3                                        E:\mr-bucket\Robot\Sonic\build\/core_mega2560_16.a(HardwareSerial.cpp.o)
ultoa                                             c:/users/veryangry/downloads/codeblocks/bin/../lib/gcc/avr/4.3.3/../../../../avr/lib/avr6\libc.a(ultoa.o)
                                                  E:\mr-bucket\Robot\Sonic\build\/core_mega2560_16.a(WString.cpp.o)
utoa                                              c:/users/veryangry/downloads/codeblocks/bin/../lib/gcc/avr/4.3.3/../../../../avr/lib/avr6\libc.a(utoa.o)
                                                  E:\mr-bucket\Robot\Sonic\build\/core_mega2560_16.a(WString.cpp.o)
vtable for HardwareSerial                         E:\mr-bucket\Robot\Sonic\build\/core_mega2560_16.a(HardwareSerial.cpp.o)
vtable for Print                                  E:\mr-bucket\Robot\Sonic\build\/core_mega2560_16.a(Print.cpp.o)
vtable for Stream                                 E:\mr-bucket\Robot\Sonic\build\/core_mega2560_16.a(HardwareSerial.cpp.o)
