Archive member included because of file (symbol)

C:\Users\Justin\Desktop\Roborodentia_2015\UltraSonic_CodeBlocks\build\/lib_mega2560_16.a(TimerOne.cpp.o)
                              build\Setup.o (TimerOne::isrCallback)
C:\Users\Justin\Desktop\Roborodentia_2015\UltraSonic_CodeBlocks\build\/core_mega2560_16.a(HardwareSerial.cpp.o)
                              build\Setup.o (Serial)
C:\Users\Justin\Desktop\Roborodentia_2015\UltraSonic_CodeBlocks\build\/core_mega2560_16.a(main.cpp.o)
                              c:/users/justin/desktop/codeblocks/bin/../lib/gcc/avr/4.3.3/../../../../avr/lib/avr6/crtm2560.o (main)
C:\Users\Justin\Desktop\Roborodentia_2015\UltraSonic_CodeBlocks\build\/core_mega2560_16.a(new.cpp.o)
                              C:\Users\Justin\Desktop\Roborodentia_2015\UltraSonic_CodeBlocks\build\/core_mega2560_16.a(HardwareSerial.cpp.o) (__cxa_pure_virtual)
C:\Users\Justin\Desktop\Roborodentia_2015\UltraSonic_CodeBlocks\build\/core_mega2560_16.a(Print.cpp.o)
                              C:\Users\Justin\Desktop\Roborodentia_2015\UltraSonic_CodeBlocks\build\/core_mega2560_16.a(HardwareSerial.cpp.o) (Print::write(unsigned char const*, unsigned int))
C:\Users\Justin\Desktop\Roborodentia_2015\UltraSonic_CodeBlocks\build\/core_mega2560_16.a(wiring.c.o)
                              build\UltraSonic_CodeBlocks.o (millis)
C:\Users\Justin\Desktop\Roborodentia_2015\UltraSonic_CodeBlocks\build\/core_mega2560_16.a(wiring_digital.c.o)
                              build\Setup.o (pinMode)
C:\Users\Justin\Desktop\Roborodentia_2015\UltraSonic_CodeBlocks\build\/core_mega2560_16.a(WString.cpp.o)
                              C:\Users\Justin\Desktop\Roborodentia_2015\UltraSonic_CodeBlocks\build\/core_mega2560_16.a(Print.cpp.o) (String::operator[](unsigned int) const)
c:/users/justin/desktop/codeblocks/bin/../lib/gcc/avr/4.3.3/../../../../avr/lib/avr6\libm.a(addsf3.o)
                              C:\Users\Justin\Desktop\Roborodentia_2015\UltraSonic_CodeBlocks\build\/core_mega2560_16.a(Print.cpp.o) (__subsf3)
c:/users/justin/desktop/codeblocks/bin/../lib/gcc/avr/4.3.3/../../../../avr/lib/avr6\libm.a(addsf3x.o)
                              c:/users/justin/desktop/codeblocks/bin/../lib/gcc/avr/4.3.3/../../../../avr/lib/avr6\libm.a(addsf3.o) (__addsf3x)
c:/users/justin/desktop/codeblocks/bin/../lib/gcc/avr/4.3.3/../../../../avr/lib/avr6\libm.a(cmpsf2.o)
                              C:\Users\Justin\Desktop\Roborodentia_2015\UltraSonic_CodeBlocks\build\/core_mega2560_16.a(Print.cpp.o) (__ltsf2)
c:/users/justin/desktop/codeblocks/bin/../lib/gcc/avr/4.3.3/../../../../avr/lib/avr6\libm.a(divsf3.o)
                              C:\Users\Justin\Desktop\Roborodentia_2015\UltraSonic_CodeBlocks\build\/core_mega2560_16.a(Print.cpp.o) (__divsf3)
c:/users/justin/desktop/codeblocks/bin/../lib/gcc/avr/4.3.3/../../../../avr/lib/avr6\libm.a(divsf3x.o)
                              c:/users/justin/desktop/codeblocks/bin/../lib/gcc/avr/4.3.3/../../../../avr/lib/avr6\libm.a(divsf3.o) (__divsf3x)
c:/users/justin/desktop/codeblocks/bin/../lib/gcc/avr/4.3.3/../../../../avr/lib/avr6\libm.a(fixsfsi.o)
                              C:\Users\Justin\Desktop\Roborodentia_2015\UltraSonic_CodeBlocks\build\/core_mega2560_16.a(Print.cpp.o) (__fixsfsi)
c:/users/justin/desktop/codeblocks/bin/../lib/gcc/avr/4.3.3/../../../../avr/lib/avr6\libm.a(fixunssfsi.o)
                              C:\Users\Justin\Desktop\Roborodentia_2015\UltraSonic_CodeBlocks\build\/core_mega2560_16.a(Print.cpp.o) (__fixunssfsi)
c:/users/justin/desktop/codeblocks/bin/../lib/gcc/avr/4.3.3/../../../../avr/lib/avr6\libm.a(floatsisf.o)
                              C:\Users\Justin\Desktop\Roborodentia_2015\UltraSonic_CodeBlocks\build\/core_mega2560_16.a(Print.cpp.o) (__floatunsisf)
c:/users/justin/desktop/codeblocks/bin/../lib/gcc/avr/4.3.3/../../../../avr/lib/avr6\libm.a(fp_cmp.o)
                              c:/users/justin/desktop/codeblocks/bin/../lib/gcc/avr/4.3.3/../../../../avr/lib/avr6\libm.a(cmpsf2.o) (__fp_cmp)
c:/users/justin/desktop/codeblocks/bin/../lib/gcc/avr/4.3.3/../../../../avr/lib/avr6\libm.a(fp_inf.o)
                              c:/users/justin/desktop/codeblocks/bin/../lib/gcc/avr/4.3.3/../../../../avr/lib/avr6\libm.a(addsf3x.o) (__fp_inf)
c:/users/justin/desktop/codeblocks/bin/../lib/gcc/avr/4.3.3/../../../../avr/lib/avr6\libm.a(fp_nan.o)
                              c:/users/justin/desktop/codeblocks/bin/../lib/gcc/avr/4.3.3/../../../../avr/lib/avr6\libm.a(addsf3x.o) (__fp_nan)
c:/users/justin/desktop/codeblocks/bin/../lib/gcc/avr/4.3.3/../../../../avr/lib/avr6\libm.a(fp_pscA.o)
                              c:/users/justin/desktop/codeblocks/bin/../lib/gcc/avr/4.3.3/../../../../avr/lib/avr6\libm.a(addsf3x.o) (__fp_pscA)
c:/users/justin/desktop/codeblocks/bin/../lib/gcc/avr/4.3.3/../../../../avr/lib/avr6\libm.a(fp_pscB.o)
[...]
Memory Configuration

Name             Origin             Length             Attributes
text             0x00000000         0x00100000         xr
data             0x00800200         0x0000fe00         rw !x
eeprom           0x00810000         0x00010000         rw !x
fuse             0x00820000         0x00000400         rw !x
lock             0x00830000         0x00000400         rw !x
signature        0x00840000         0x00000400         rw !x
*default*        0x00000000         0xffffffff

Linker script and memory map

Address of section .data set to 0x800200
LOAD c:/users/justin/desktop/codeblocks/bin/../lib/gcc/avr/4.3.3/../../../../avr/lib/avr6/crtm2560.o
LOAD build\Setup.o
LOAD build\UltraSonic_CodeBlocks.o
LOAD C:\Users\Justin\Desktop\Roborodentia_2015\UltraSonic_CodeBlocks\build\/lib_mega2560_16.a
LOAD C:\Users\Justin\Desktop\Roborodentia_2015\UltraSonic_CodeBlocks\build\/core_mega2560_16.a
LOAD c:/users/justin/desktop/codeblocks/bin/../lib/gcc/avr/4.3.3/../../../../avr/lib/avr6\libm.a
LOAD c:/users/justin/desktop/codeblocks/bin/../lib/gcc/avr/4.3.3/avr6\libgcc.a
LOAD c:/users/justin/desktop/codeblocks/bin/../lib/gcc/avr/4.3.3/../../../../avr/lib/avr6\libc.a
LOAD c:/users/justin/desktop/codeblocks/bin/../lib/gcc/avr/4.3.3/avr6\libgcc.a

.hash
 *(.hash)

.dynsym
 *(.dynsym)

.dynstr
 *(.dynstr)

.gnu.version
 *(.gnu.version)

.gnu.version_d
 *(.gnu.version_d)

.gnu.version_r
 *(.gnu.version_r)

.rel.init
 *(.rel.init)

.rela.init
 *(.rela.init)

.rel.text
 *(.rel.text)
 *(.rel.text.*)
 *(.rel.gnu.linkonce.t*)

.rela.text
 *(.rela.text)
 *(.rela.text.*)
 *(.rela.gnu.linkonce.t*)

.rel.fini
 *(.rel.fini)

.rela.fini
 *(.rela.fini)

.rel.rodata
 *(.rel.rodata)
 *(.rel.rodata.*)
 *(.rel.gnu.linkonce.r*)

.rela.rodata
 *(.rela.rodata)
 *(.rela.rodata.*)
 *(.rela.gnu.linkonce.r*)

.rel.data
 *(.rel.data)
 *(.rel.data.*)
 *(.rel.gnu.linkonce.d*)

.rela.data
 *(.rela.data)
 *(.rela.data.*)
 *(.rela.gnu.linkonce.d*)

.rel.ctors
 *(.rel.ctors)

.rela.ctors
 *(.rela.ctors)

.rel.dtors
 *(.rel.dtors)

.rela.dtors
 *(.rela.dtors)

.rel.got
 *(.rel.got)

.rela.got
 *(.rela.got)

.rel.bss
 *(.rel.bss)

.rela.bss
 *(.rela.bss)

.rel.plt
 *(.rel.plt)

.rela.plt
 *(.rela.plt)

.text           0x00000000     0x12e8
 *(.vectors)
 .vectors       0x00000000       0xe4 c:/users/justin/desktop/codeblocks/bin/../lib/gcc/avr/4.3.3/../../../../avr/lib/avr6/crtm2560.o
                0x00000000                __vectors
                0x00000000                __vector_default
 *(.vectors)
 *(.progmem.gcc*)
 *(.progmem*)
 .progmem.data  0x000000e4      0x120 C:\Users\Justin\Desktop\Roborodentia_2015\UltraSonic_CodeBlocks\build\/core_mega2560_16.a(wiring_digital.c.o)
                0x000000e4                port_to_mode_PGM
                0x00000132                digital_pin_to_port_PGM
                0x00000178                digital_pin_to_bit_mask_PGM
                0x000000fe                port_to_output_PGM
                0x00000118                port_to_input_PGM
                0x000001be                digital_pin_to_timer_PGM
                0x00000204                . = ALIGN (0x2)
                0x00000204                __trampolines_start = .
 *(.trampolines)
 .trampolines   0x00000204        0x0 linker stubs
 *(.trampolines*)
                0x00000204                __trampolines_end = .
 *(.jumptables)
 *(.jumptables*)
 *(.lowtext)
 *(.lowtext*)
                0x00000204                __ctors_start = .
 *(.ctors)
 .ctors         0x00000204        0x2 C:\Users\Justin\Desktop\Roborodentia_2015\UltraSonic_CodeBlocks\build\/core_mega2560_16.a(HardwareSerial.cpp.o)
                0x00000206                __ctors_end = .
                0x00000206                __dtors_start = .
 *(.dtors)
                0x00000206                __dtors_end = .
 SORT(*)(.ctors)
 SORT(*)(.dtors)
 *(.init0)
 .init0         0x00000206        0x0 c:/users/justin/desktop/codeblocks/bin/../lib/gcc/avr/4.3.3/../../../../avr/lib/avr6/crtm2560.o
                0x00000206                __init
 *(.init0)
 *(.init1)
 *(.init1)
 *(.init2)
 .init2         0x00000206       0x10 c:/users/justin/desktop/codeblocks/bin/../lib/gcc/avr/4.3.3/../../../../avr/lib/avr6/crtm2560.o
 *(.init2)
 *(.init3)
 *(.init3)
 *(.init4)
 .init4         0x00000216       0x1c c:/users/justin/desktop/codeblocks/bin/../lib/gcc/avr/4.3.3/../../../../avr/lib/avr6/crtm2560.o
                0x00000216                __do_copy_data
 .init4         0x00000232       0x10 c:/users/justin/desktop/codeblocks/bin/../lib/gcc/avr/4.3.3/avr6\libgcc.a(_clear_bss.o)
                0x00000232                __do_clear_bss
 *(.init4)
 *(.init5)
 *(.init5)
 *(.init6)
 .init6         0x00000242       0x16 c:/users/justin/desktop/codeblocks/bin/../lib/gcc/avr/4.3.3/avr6\libgcc.a(_ctors.o)
                0x00000242                __do_global_ctors
 *(.init6)
 *(.init7)
 *(.init7)
 *(.init8)
 *(.init8)
 *(.init9)
 .init9         0x00000258        0x8 c:/users/justin/desktop/codeblocks/bin/../lib/gcc/avr/4.3.3/../../../../avr/lib/avr6/crtm2560.o
 *(.init9)
 *(.text)
 .text          0x00000260        0x4 c:/users/justin/desktop/codeblocks/bin/../lib/gcc/avr/4.3.3/../../../../avr/lib/avr6/crtm2560.o
                0x00000260                __vector_38
                0x00000260                __vector_22
                0x00000260                __vector_28
                0x00000260                __vector_1
                0x00000260                __vector_32
                0x00000260                __vector_34
                0x00000260                __vector_24
                0x00000260                __vector_12
                0x00000260                __vector_46
                0x00000260                __bad_interrupt
                0x00000260                __vector_6
                0x00000260                __vector_31
                0x00000260                __vector_35
                0x00000260                __vector_39
                0x00000260                __vector_3
                0x00000260                __vector_30
                0x00000260                __vector_45
                0x00000260                __vector_11
                0x00000260                __vector_13
                0x00000260                __vector_17
                0x00000260                __vector_19
                0x00000260                __vector_56
                0x00000260                __vector_7
                0x00000260                __vector_49
                0x00000260                __vector_41
                0x00000260                __vector_43
                0x00000260                __vector_27
                0x00000260                __vector_5
                0x00000260                __vector_33
                0x00000260                __vector_47
                0x00000260                __vector_4
                0x00000260                __vector_44
                0x00000260                __vector_9
                0x00000260                __vector_2
                0x00000260                __vector_21
                0x00000260                __vector_15
                0x00000260                __vector_29
                0x00000260                __vector_40
                0x00000260                __vector_8
                0x00000260                __vector_48
                0x00000260                __vector_14
                0x00000260                __vector_53
                0x00000260                __vector_10
                0x00000260                __vector_50
                0x00000260                __vector_16
                0x00000260                __vector_18
                0x00000260                __vector_42
                0x00000264                . = ALIGN (0x2)
 *(.text.*)
 .text._Z14setupTimer1Intm
                0x00000264      0x140 build\Setup.o
                0x00000264                setupTimer1Int(unsigned long)
 .text._Z13setupPinModesv
                0x000003a4        0xa build\Setup.o
                0x000003a4                setupPinModes()
 .text._Z15setupLineSensorv
                0x000003ae       0x12 build\Setup.o
                0x000003ae                setupLineSensor()
 .text._Z11setupSerialm
                0x000003c0        0xe build\Setup.o
                0x000003c0                setupSerial(unsigned long)
 .text._Z3PITv  0x000003ce        0xc build\UltraSonic_CodeBlocks.o
                0x000003ce                PIT()
 .text._Z9heartbeatv
                0x000003da       0x3a build\UltraSonic_CodeBlocks.o
                0x000003da                heartbeat()
 .text.loop     0x00000414       0x52 build\UltraSonic_CodeBlocks.o
                0x00000414                loop
 .text.setup    0x00000466       0x22 build\UltraSonic_CodeBlocks.o
                0x00000466                setup
 .text.__vector_20
                0x00000488       0x56 C:\Users\Justin\Desktop\Roborodentia_2015\UltraSonic_CodeBlocks\build\/lib_mega2560_16.a(TimerOne.cpp.o)
                0x00000488                __vector_20
 .text._Z11serialEventv
                0x000004de        0x2 C:\Users\Justin\Desktop\Roborodentia_2015\UltraSonic_CodeBlocks\build\/core_mega2560_16.a(HardwareSerial.cpp.o)
                0x000004de                serialEvent()
 .text.__vector_25
                0x000004e0       0x7e C:\Users\Justin\Desktop\Roborodentia_2015\UltraSonic_CodeBlocks\build\/core_mega2560_16.a(HardwareSerial.cpp.o)
                0x000004e0                __vector_25
 .text._Z12serialEvent1v
                0x0000055e        0x2 C:\Users\Justin\Desktop\Roborodentia_2015\UltraSonic_CodeBlocks\build\/core_mega2560_16.a(HardwareSerial.cpp.o)
                0x0000055e                serialEvent1()
 .text.__vector_36
                0x00000560       0x7e C:\Users\Justin\Desktop\Roborodentia_2015\UltraSonic_CodeBlocks\build\/core_mega2560_16.a(HardwareSerial.cpp.o)
                0x00000560                __vector_36
 .text._Z12serialEvent2v
                0x000005de        0x2 C:\Users\Justin\Desktop\Roborodentia_2015\UltraSonic_CodeBlocks\build\/core_mega2560_16.a(HardwareSerial.cpp.o)
                0x000005de                serialEvent2()
 .text.__vector_51
                0x000005e0       0x7e C:\Users\Justin\Desktop\Roborodentia_2015\UltraSonic_CodeBlocks\build\/core_mega2560_16.a(HardwareSerial.cpp.o)
                0x000005e0                __vector_51
 .text._Z12serialEvent3v
                0x0000065e        0x2 C:\Users\Justin\Desktop\Roborodentia_2015\UltraSonic_CodeBlocks\build\/core_mega2560_16.a(HardwareSerial.cpp.o)
                0x0000065e                serialEvent3()
 .text.__vector_54
                0x00000660       0x7e C:\Users\Justin\Desktop\Roborodentia_2015\UltraSonic_CodeBlocks\build\/core_mega2560_16.a(HardwareSerial.cpp.o)
                0x00000660                __vector_54
 .text._Z14serialEventRunv
                0x000006de       0x9a C:\Users\Justin\Desktop\Roborodentia_2015\UltraSonic_CodeBlocks\build\/core_mega2560_16.a(HardwareSerial.cpp.o)
                0x000006de                serialEventRun()
 .text.__vector_26
                0x00000778       0x7e C:\Users\Justin\Desktop\Roborodentia_2015\UltraSonic_CodeBlocks\build\/core_mega2560_16.a(HardwareSerial.cpp.o)
                0x00000778                __vector_26
 .text.__vector_37
                0x000007f6       0x7e C:\Users\Justin\Desktop\Roborodentia_2015\UltraSonic_CodeBlocks\build\/core_mega2560_16.a(HardwareSerial.cpp.o)
                0x000007f6                __vector_37
 .text.__vector_52
                0x00000874       0x7e C:\Users\Justin\Desktop\Roborodentia_2015\UltraSonic_CodeBlocks\build\/core_mega2560_16.a(HardwareSerial.cpp.o)
                0x00000874                __vector_52
 .text.__vector_55
                0x000008f2       0x7e C:\Users\Justin\Desktop\Roborodentia_2015\UltraSonic_CodeBlocks\build\/core_mega2560_16.a(HardwareSerial.cpp.o)
                0x000008f2                __vector_55
 .text._ZN14HardwareSerial5beginEm
                0x00000970      0x11e C:\Users\Justin\Desktop\Roborodentia_2015\UltraSonic_CodeBlocks\build\/core_mega2560_16.a(HardwareSerial.cpp.o)
                0x00000970                HardwareSerial::begin(unsigned long)
 .text._ZN14HardwareSerial9availableEv
                0x00000a8e       0x22 C:\Users\Justin\Desktop\Roborodentia_2015\UltraSonic_CodeBlocks\build\/core_mega2560_16.a(HardwareSerial.cpp.o)
                0x00000a8e                HardwareSerial::available()
 .text._ZN14HardwareSerial4peekEv
                0x00000ab0       0x42 C:\Users\Justin\Desktop\Roborodentia_2015\UltraSonic_CodeBlocks\build\/core_mega2560_16.a(HardwareSerial.cpp.o)
                0x00000ab0                HardwareSerial::peek()
 .text._ZN14HardwareSerial4readEv
                0x00000af2       0x54 C:\Users\Justin\Desktop\Roborodentia_2015\UltraSonic_CodeBlocks\build\/core_mega2560_16.a(HardwareSerial.cpp.o)
                0x00000af2                HardwareSerial::read()
 .text._ZN14HardwareSerial5flushEv
                0x00000b46       0x1a C:\Users\Justin\Desktop\Roborodentia_2015\UltraSonic_CodeBlocks\build\/core_mega2560_16.a(HardwareSerial.cpp.o)
                0x00000b46                HardwareSerial::flush()
 .text._ZN14HardwareSerial5writeEh
                0x00000b60       0x78 C:\Users\Justin\Desktop\Roborodentia_2015\UltraSonic_CodeBlocks\build\/core_mega2560_16.a(HardwareSerial.cpp.o)
                0x00000b60                HardwareSerial::write(unsigned char)
 .text._GLOBAL__I_rx_buffer
                0x00000bd8      0x26c C:\Users\Justin\Desktop\Roborodentia_2015\UltraSonic_CodeBlocks\build\/core_mega2560_16.a(HardwareSerial.cpp.o)
 .text.main     0x00000e44       0x28 C:\Users\Justin\Desktop\Roborodentia_2015\UltraSonic_CodeBlocks\build\/core_mega2560_16.a(main.cpp.o)
                0x00000e44                main
 .text._ZN5Print5writeEPKhj
                0x00000e6c       0x58 C:\Users\Justin\Desktop\Roborodentia_2015\UltraSonic_CodeBlocks\build\/core_mega2560_16.a(Print.cpp.o)
                0x00000e6c                Print::write(unsigned char const*, unsigned int)
 .text.__vector_23
                0x00000ec4       0x90 C:\Users\Justin\Desktop\Roborodentia_2015\UltraSonic_CodeBlocks\build\/core_mega2560_16.a(wiring.c.o)
                0x00000ec4                __vector_23
 .text.millis   0x00000f54       0x1c C:\Users\Justin\Desktop\Roborodentia_2015\UltraSonic_CodeBlocks\build\/core_mega2560_16.a(wiring.c.o)
                0x00000f54                millis
 .text.init     0x00000f70       0xc4 C:\Users\Justin\Desktop\Roborodentia_2015\UltraSonic_CodeBlocks\build\/core_mega2560_16.a(wiring.c.o)
                0x00000f70                init
 .text.pinMode  0x00001034       0x86 C:\Users\Justin\Desktop\Roborodentia_2015\UltraSonic_CodeBlocks\build\/core_mega2560_16.a(wiring_digital.c.o)
                0x00001034                pinMode
 .text.turnOffPWM
                0x000010ba       0xfe C:\Users\Justin\Desktop\Roborodentia_2015\UltraSonic_CodeBlocks\build\/core_mega2560_16.a(wiring_digital.c.o)
 .text.digitalWrite
                0x000011b8       0x6c C:\Users\Justin\Desktop\Roborodentia_2015\UltraSonic_CodeBlocks\build\/core_mega2560_16.a(wiring_digital.c.o)
                0x000011b8                digitalWrite
 .text.digitalRead
                0x00001224       0x70 C:\Users\Justin\Desktop\Roborodentia_2015\UltraSonic_CodeBlocks\build\/core_mega2560_16.a(wiring_digital.c.o)
                0x00001224                digitalRead
 .text.libgcc   0x00001294       0x44 c:/users/justin/desktop/codeblocks/bin/../lib/gcc/avr/4.3.3/avr6\libgcc.a(_udivmodsi4.o)
                0x00001294                __udivmodsi4
 .text.libgcc   0x000012d8        0xc c:/users/justin/desktop/codeblocks/bin/../lib/gcc/avr/4.3.3/avr6\libgcc.a(_tablejump.o)
                0x000012dc                __tablejump__
                0x000012d8                __tablejump2__
                0x000012e4                . = ALIGN (0x2)
 *(.fini9)
 .fini9         0x000012e4        0x0 c:/users/justin/desktop/codeblocks/bin/../lib/gcc/avr/4.3.3/avr6\libgcc.a(_exit.o)
                0x000012e4                exit
                0x000012e4                _exit
 *(.fini9)
 *(.fini8)
 *(.fini8)
 *(.fini7)
 *(.fini7)
 *(.fini6)
 *(.fini6)
 *(.fini5)
 *(.fini5)
 *(.fini4)
 *(.fini4)
 *(.fini3)
 *(.fini3)
 *(.fini2)
 *(.fini2)
 *(.fini1)
 *(.fini1)
 *(.fini0)
 .fini0         0x000012e4        0x4 c:/users/justin/desktop/codeblocks/bin/../lib/gcc/avr/4.3.3/avr6\libgcc.a(_exit.o)
 *(.fini0)
                0x000012e8                _etext = .

.data           0x00800200       0x10 load address 0x000012e8
                0x00800200                PROVIDE (__data_start, .)
 *(.data)
 *(.data*)
 *(.rodata)
 *(.rodata*)
 .rodata._ZTV14HardwareSerial
                0x00800200       0x10 C:\Users\Justin\Desktop\Roborodentia_2015\UltraSonic_CodeBlocks\build\/core_mega2560_16.a(HardwareSerial.cpp.o)
                0x00800200                vtable for HardwareSerial
 *(.gnu.linkonce.d*)
                0x00800210                . = ALIGN (0x2)
                0x00800210                _edata = .
                0x00800210                PROVIDE (__data_end, .)

.bss            0x00800210      0x2bf
                0x00800210                PROVIDE (__bss_start, .)
 *(.bss)
 *(.bss*)
 .bss._ZL6iFlags
                0x00800210        0x1 build\UltraSonic_CodeBlocks.o
 .bss._ZL6icount
                0x00800211        0x4 build\UltraSonic_CodeBlocks.o
 .bss._ZL13loopStartTime
                0x00800215        0x4 build\UltraSonic_CodeBlocks.o
 .bss._ZN8TimerOne9pwmPeriodE
                0x00800219        0x2 C:\Users\Justin\Desktop\Roborodentia_2015\UltraSonic_CodeBlocks\build\/lib_mega2560_16.a(TimerOne.cpp.o)
                0x00800219                TimerOne::pwmPeriod
 .bss._ZN8TimerOne15clockSelectBitsE
                0x0080021b        0x1 C:\Users\Justin\Desktop\Roborodentia_2015\UltraSonic_CodeBlocks\build\/lib_mega2560_16.a(TimerOne.cpp.o)
                0x0080021b                TimerOne::clockSelectBits
 .bss._ZN8TimerOne11isrCallbackE
                0x0080021c        0x2 C:\Users\Justin\Desktop\Roborodentia_2015\UltraSonic_CodeBlocks\build\/lib_mega2560_16.a(TimerOne.cpp.o)
                0x0080021c                TimerOne::isrCallback
 .bss.rx_buffer
                0x0080021e       0x44 C:\Users\Justin\Desktop\Roborodentia_2015\UltraSonic_CodeBlocks\build\/core_mega2560_16.a(HardwareSerial.cpp.o)
                0x0080021e                rx_buffer
 .bss.tx_buffer
                0x00800262       0x44 C:\Users\Justin\Desktop\Roborodentia_2015\UltraSonic_CodeBlocks\build\/core_mega2560_16.a(HardwareSerial.cpp.o)
                0x00800262                tx_buffer
 .bss.rx_buffer1
                0x008002a6       0x44 C:\Users\Justin\Desktop\Roborodentia_2015\UltraSonic_CodeBlocks\build\/core_mega2560_16.a(HardwareSerial.cpp.o)
                0x008002a6                rx_buffer1
 .bss.tx_buffer1
                0x008002ea       0x44 C:\Users\Justin\Desktop\Roborodentia_2015\UltraSonic_CodeBlocks\build\/core_mega2560_16.a(HardwareSerial.cpp.o)
                0x008002ea                tx_buffer1
 .bss.rx_buffer2
                0x0080032e       0x44 C:\Users\Justin\Desktop\Roborodentia_2015\UltraSonic_CodeBlocks\build\/core_mega2560_16.a(HardwareSerial.cpp.o)
                0x0080032e                rx_buffer2
 .bss.tx_buffer2
                0x00800372       0x44 C:\Users\Justin\Desktop\Roborodentia_2015\UltraSonic_CodeBlocks\build\/core_mega2560_16.a(HardwareSerial.cpp.o)
                0x00800372                tx_buffer2
 .bss.rx_buffer3
                0x008003b6       0x44 C:\Users\Justin\Desktop\Roborodentia_2015\UltraSonic_CodeBlocks\build\/core_mega2560_16.a(HardwareSerial.cpp.o)
                0x008003b6                rx_buffer3
 .bss.tx_buffer3
                0x008003fa       0x44 C:\Users\Justin\Desktop\Roborodentia_2015\UltraSonic_CodeBlocks\build\/core_mega2560_16.a(HardwareSerial.cpp.o)
                0x008003fa                tx_buffer3
 .bss.Serial    0x0080043e       0x22 C:\Users\Justin\Desktop\Roborodentia_2015\UltraSonic_CodeBlocks\build\/core_mega2560_16.a(HardwareSerial.cpp.o)
                0x0080043e                Serial
 .bss.Serial1   0x00800460       0x22 C:\Users\Justin\Desktop\Roborodentia_2015\UltraSonic_CodeBlocks\build\/core_mega2560_16.a(HardwareSerial.cpp.o)
                0x00800460                Serial1
 .bss.Serial2   0x00800482       0x22 C:\Users\Justin\Desktop\Roborodentia_2015\UltraSonic_CodeBlocks\build\/core_mega2560_16.a(HardwareSerial.cpp.o)
                0x00800482                Serial2
 .bss.Serial3   0x008004a4       0x22 C:\Users\Justin\Desktop\Roborodentia_2015\UltraSonic_CodeBlocks\build\/core_mega2560_16.a(HardwareSerial.cpp.o)
                0x008004a4                Serial3
 .bss.timer0_overflow_count
                0x008004c6        0x4 C:\Users\Justin\Desktop\Roborodentia_2015\UltraSonic_CodeBlocks\build\/core_mega2560_16.a(wiring.c.o)
                0x008004c6                timer0_overflow_count
 .bss.timer0_millis
                0x008004ca        0x4 C:\Users\Justin\Desktop\Roborodentia_2015\UltraSonic_CodeBlocks\build\/core_mega2560_16.a(wiring.c.o)
                0x008004ca                timer0_millis
 .bss.timer0_fract
                0x008004ce        0x1 C:\Users\Justin\Desktop\Roborodentia_2015\UltraSonic_CodeBlocks\build\/core_mega2560_16.a(wiring.c.o)
 *(COMMON)
                0x008004cf                PROVIDE (__bss_end, .)
                0x000012e8                __data_load_start = LOADADDR (.data)
                0x000012f8                __data_load_end = (__data_load_start + SIZEOF (.data))

.noinit         0x008004cf        0x0
                0x008004cf                PROVIDE (__noinit_start, .)
 *(.noinit*)
                0x008004cf                PROVIDE (__noinit_end, .)
                0x008004cf                _end = .
                0x008004cf                PROVIDE (__heap_start, .)

.eeprom         0x00810000        0x0
 *(.eeprom*)
                0x00810000                __eeprom_end = .

.fuse
 *(.fuse)
 *(.lfuse)
 *(.hfuse)
 *(.efuse)

.lock
 *(.lock*)

.signature
 *(.signature*)

.stab
 *(.stab)

.stabstr
 *(.stabstr)

.stab.excl
 *(.stab.excl)

.stab.exclstr
 *(.stab.exclstr)

.stab.index
 *(.stab.index)

.stab.indexstr
 *(.stab.indexstr)

.comment
 *(.comment)

.debug
 *(.debug)

.line
 *(.line)

.debug_srcinfo
 *(.debug_srcinfo)

.debug_sfnames
 *(.debug_sfnames)

.debug_aranges
 *(.debug_aranges)

.debug_pubnames
 *(.debug_pubnames)

.debug_info
 *(.debug_info)
 *(.gnu.linkonce.wi.*)

.debug_abbrev
 *(.debug_abbrev)

.debug_line
 *(.debug_line)

.debug_frame
 *(.debug_frame)

.debug_str
 *(.debug_str)

.debug_loc
 *(.debug_loc)

.debug_macinfo
 *(.debug_macinfo)
OUTPUT(build\UltraSonic_CodeBlocks_mega2560.elf elf32-avr)
LOAD linker stubs

Cross Reference Table

Symbol                                            File
HardwareSerial::HardwareSerial(ring_buffer*, ring_buffer*, unsigned char volatile*, unsigned char volatile*, unsigned char volatile*, unsigned char volatile*, unsigned char volatile*, unsigned char volatile*, unsigned char, unsigned char, unsigned char, unsigned char, unsigned char) C:\Users\Justin\Desktop\Roborodentia_2015\UltraSonic_CodeBlocks\build\/core_mega2560_16.a(HardwareSerial.cpp.o)
HardwareSerial::HardwareSerial(ring_buffer*, ring_buffer*, unsigned char volatile*, unsigned char volatile*, unsigned char volatile*, unsigned char volatile*, unsigned char volatile*, unsigned char volatile*, unsigned char, unsigned char, unsigned char, unsigned char, unsigned char) C:\Users\Justin\Desktop\Roborodentia_2015\UltraSonic_CodeBlocks\build\/core_mega2560_16.a(HardwareSerial.cpp.o)
HardwareSerial::available()                       C:\Users\Justin\Desktop\Roborodentia_2015\UltraSonic_CodeBlocks\build\/core_mega2560_16.a(HardwareSerial.cpp.o)
HardwareSerial::begin(unsigned long)              C:\Users\Justin\Desktop\Roborodentia_2015\UltraSonic_CodeBlocks\build\/core_mega2560_16.a(HardwareSerial.cpp.o)
                                                  build\Setup.o
HardwareSerial::begin(unsigned long, unsigned char) C:\Users\Justin\Desktop\Roborodentia_2015\UltraSonic_CodeBlocks\build\/core_mega2560_16.a(HardwareSerial.cpp.o)
HardwareSerial::end()                             C:\Users\Justin\Desktop\Roborodentia_2015\UltraSonic_CodeBlocks\build\/core_mega2560_16.a(HardwareSerial.cpp.o)
HardwareSerial::flush()                           C:\Users\Justin\Desktop\Roborodentia_2015\UltraSonic_CodeBlocks\build\/core_mega2560_16.a(HardwareSerial.cpp.o)
HardwareSerial::operator bool()                   C:\Users\Justin\Desktop\Roborodentia_2015\UltraSonic_CodeBlocks\build\/core_mega2560_16.a(HardwareSerial.cpp.o)
HardwareSerial::peek()                            C:\Users\Justin\Desktop\Roborodentia_2015\UltraSonic_CodeBlocks\build\/core_mega2560_16.a(HardwareSerial.cpp.o)
HardwareSerial::read()                            C:\Users\Justin\Desktop\Roborodentia_2015\UltraSonic_CodeBlocks\build\/core_mega2560_16.a(HardwareSerial.cpp.o)
HardwareSerial::write(unsigned char)              C:\Users\Justin\Desktop\Roborodentia_2015\UltraSonic_CodeBlocks\build\/core_mega2560_16.a(HardwareSerial.cpp.o)
PIT()                                             build\UltraSonic_CodeBlocks.o
                                                  build\Setup.o
Print::print(Printable const&)                    C:\Users\Justin\Desktop\Roborodentia_2015\UltraSonic_CodeBlocks\build\/core_mega2560_16.a(Print.cpp.o)
Print::print(String const&)                       C:\Users\Justin\Desktop\Roborodentia_2015\UltraSonic_CodeBlocks\build\/core_mega2560_16.a(Print.cpp.o)
Print::print(__FlashStringHelper const*)          C:\Users\Justin\Desktop\Roborodentia_2015\UltraSonic_CodeBlocks\build\/core_mega2560_16.a(Print.cpp.o)
Print::print(char const*)                         C:\Users\Justin\Desktop\Roborodentia_2015\UltraSonic_CodeBlocks\build\/core_mega2560_16.a(Print.cpp.o)
Print::print(char)                                C:\Users\Justin\Desktop\Roborodentia_2015\UltraSonic_CodeBlocks\build\/core_mega2560_16.a(Print.cpp.o)
Print::print(double, int)                         C:\Users\Justin\Desktop\Roborodentia_2015\UltraSonic_CodeBlocks\build\/core_mega2560_16.a(Print.cpp.o)
Print::print(int, int)                            C:\Users\Justin\Desktop\Roborodentia_2015\UltraSonic_CodeBlocks\build\/core_mega2560_16.a(Print.cpp.o)
Print::print(long, int)                           C:\Users\Justin\Desktop\Roborodentia_2015\UltraSonic_CodeBlocks\build\/core_mega2560_16.a(Print.cpp.o)
Print::print(unsigned char, int)                  C:\Users\Justin\Desktop\Roborodentia_2015\UltraSonic_CodeBlocks\build\/core_mega2560_16.a(Print.cpp.o)
Print::print(unsigned int, int)                   C:\Users\Justin\Desktop\Roborodentia_2015\UltraSonic_CodeBlocks\build\/core_mega2560_16.a(Print.cpp.o)
Print::print(unsigned long, int)                  C:\Users\Justin\Desktop\Roborodentia_2015\UltraSonic_CodeBlocks\build\/core_mega2560_16.a(Print.cpp.o)
Print::printFloat(double, unsigned char)          C:\Users\Justin\Desktop\Roborodentia_2015\UltraSonic_CodeBlocks\build\/core_mega2560_16.a(Print.cpp.o)
Print::printNumber(unsigned long, unsigned char)  C:\Users\Justin\Desktop\Roborodentia_2015\UltraSonic_CodeBlocks\build\/core_mega2560_16.a(Print.cpp.o)
Print::println()                                  C:\Users\Justin\Desktop\Roborodentia_2015\UltraSonic_CodeBlocks\build\/core_mega2560_16.a(Print.cpp.o)
Print::println(Printable const&)                  C:\Users\Justin\Desktop\Roborodentia_2015\UltraSonic_CodeBlocks\build\/core_mega2560_16.a(Print.cpp.o)
Print::println(String const&)                     C:\Users\Justin\Desktop\Roborodentia_2015\UltraSonic_CodeBlocks\build\/core_mega2560_16.a(Print.cpp.o)
Print::println(__FlashStringHelper const*)        C:\Users\Justin\Desktop\Roborodentia_2015\UltraSonic_CodeBlocks\build\/core_mega2560_16.a(Print.cpp.o)
Print::println(char const*)                       C:\Users\Justin\Desktop\Roborodentia_2015\UltraSonic_CodeBlocks\build\/core_mega2560_16.a(Print.cpp.o)
Print::println(char)                              C:\Users\Justin\Desktop\Roborodentia_2015\UltraSonic_CodeBlocks\build\/core_mega2560_16.a(Print.cpp.o)
Print::println(double, int)                       C:\Users\Justin\Desktop\Roborodentia_2015\UltraSonic_CodeBlocks\build\/core_mega2560_16.a(Print.cpp.o)
Print::println(int, int)                          C:\Users\Justin\Desktop\Roborodentia_2015\UltraSonic_CodeBlocks\build\/core_mega2560_16.a(Print.cpp.o)
Print::println(long, int)                         C:\Users\Justin\Desktop\Roborodentia_2015\UltraSonic_CodeBlocks\build\/core_mega2560_16.a(Print.cpp.o)
Print::println(unsigned char, int)                C:\Users\Justin\Desktop\Roborodentia_2015\UltraSonic_CodeBlocks\build\/core_mega2560_16.a(Print.cpp.o)
Print::println(unsigned int, int)                 C:\Users\Justin\Desktop\Roborodentia_2015\UltraSonic_CodeBlocks\build\/core_mega2560_16.a(Print.cpp.o)
Print::println(unsigned long, int)                C:\Users\Justin\Desktop\Roborodentia_2015\UltraSonic_CodeBlocks\build\/core_mega2560_16.a(Print.cpp.o)
Print::write(char const*)                         C:\Users\Justin\Desktop\Roborodentia_2015\UltraSonic_CodeBlocks\build\/core_mega2560_16.a(Print.cpp.o)
Print::write(unsigned char const*, unsigned int)  C:\Users\Justin\Desktop\Roborodentia_2015\UltraSonic_CodeBlocks\build\/core_mega2560_16.a(Print.cpp.o)
                                                  C:\Users\Justin\Desktop\Roborodentia_2015\UltraSonic_CodeBlocks\build\/core_mega2560_16.a(HardwareSerial.cpp.o)
Serial                                            C:\Users\Justin\Desktop\Roborodentia_2015\UltraSonic_CodeBlocks\build\/core_mega2560_16.a(HardwareSerial.cpp.o)
                                                  build\Setup.o
Serial1                                           C:\Users\Justin\Desktop\Roborodentia_2015\UltraSonic_CodeBlocks\build\/core_mega2560_16.a(HardwareSerial.cpp.o)
Serial2                                           C:\Users\Justin\Desktop\Roborodentia_2015\UltraSonic_CodeBlocks\build\/core_mega2560_16.a(HardwareSerial.cpp.o)
Serial3                                           C:\Users\Justin\Desktop\Roborodentia_2015\UltraSonic_CodeBlocks\build\/core_mega2560_16.a(HardwareSerial.cpp.o)
String::String(String const&)                     C:\Users\Justin\Desktop\Roborodentia_2015\UltraSonic_CodeBlocks\build\/core_mega2560_16.a(WString.cpp.o)
String::String(String const&)                     C:\Users\Justin\Desktop\Roborodentia_2015\UltraSonic_CodeBlocks\build\/core_mega2560_16.a(WString.cpp.o)
String::String(char const*)                       C:\Users\Justin\Desktop\Roborodentia_2015\UltraSonic_CodeBlocks\build\/core_mega2560_16.a(WString.cpp.o)
String::String(char const*)                       C:\Users\Justin\Desktop\Roborodentia_2015\UltraSonic_CodeBlocks\build\/core_mega2560_16.a(WString.cpp.o)
String::String(char)                              C:\Users\Justin\Desktop\Roborodentia_2015\UltraSonic_CodeBlocks\build\/core_mega2560_16.a(WString.cpp.o)
String::String(char)                              C:\Users\Justin\Desktop\Roborodentia_2015\UltraSonic_CodeBlocks\build\/core_mega2560_16.a(WString.cpp.o)
String::String(int, unsigned char)                C:\Users\Justin\Desktop\Roborodentia_2015\UltraSonic_CodeBlocks\build\/core_mega2560_16.a(WString.cpp.o)
String::String(int, unsigned char)                C:\Users\Justin\Desktop\Roborodentia_2015\UltraSonic_CodeBlocks\build\/core_mega2560_16.a(WString.cpp.o)
String::String(long, unsigned char)               C:\Users\Justin\Desktop\Roborodentia_2015\UltraSonic_CodeBlocks\build\/core_mega2560_16.a(WString.cpp.o)
String::String(long, unsigned char)               C:\Users\Justin\Desktop\Roborodentia_2015\UltraSonic_CodeBlocks\build\/core_mega2560_16.a(WString.cpp.o)
String::String(unsigned char, unsigned char)      C:\Users\Justin\Desktop\Roborodentia_2015\UltraSonic_CodeBlocks\build\/core_mega2560_16.a(WString.cpp.o)
String::String(unsigned char, unsigned char)      C:\Users\Justin\Desktop\Roborodentia_2015\UltraSonic_CodeBlocks\build\/core_mega2560_16.a(WString.cpp.o)
String::String(unsigned int, unsigned char)       C:\Users\Justin\Desktop\Roborodentia_2015\UltraSonic_CodeBlocks\build\/core_mega2560_16.a(WString.cpp.o)
String::String(unsigned int, unsigned char)       C:\Users\Justin\Desktop\Roborodentia_2015\UltraSonic_CodeBlocks\build\/core_mega2560_16.a(WString.cpp.o)
String::String(unsigned long, unsigned char)      C:\Users\Justin\Desktop\Roborodentia_2015\UltraSonic_CodeBlocks\build\/core_mega2560_16.a(WString.cpp.o)
String::String(unsigned long, unsigned char)      C:\Users\Justin\Desktop\Roborodentia_2015\UltraSonic_CodeBlocks\build\/core_mega2560_16.a(WString.cpp.o)
String::changeBuffer(unsigned int)                C:\Users\Justin\Desktop\Roborodentia_2015\UltraSonic_CodeBlocks\build\/core_mega2560_16.a(WString.cpp.o)
String::charAt(unsigned int) const                C:\Users\Justin\Desktop\Roborodentia_2015\UltraSonic_CodeBlocks\build\/core_mega2560_16.a(WString.cpp.o)
String::compareTo(String const&) const            C:\Users\Justin\Desktop\Roborodentia_2015\UltraSonic_CodeBlocks\build\/core_mega2560_16.a(WString.cpp.o)
String::concat(String const&)                     C:\Users\Justin\Desktop\Roborodentia_2015\UltraSonic_CodeBlocks\build\/core_mega2560_16.a(WString.cpp.o)
String::concat(char const*)                       C:\Users\Justin\Desktop\Roborodentia_2015\UltraSonic_CodeBlocks\build\/core_mega2560_16.a(WString.cpp.o)
String::concat(char const*, unsigned int)         C:\Users\Justin\Desktop\Roborodentia_2015\UltraSonic_CodeBlocks\build\/core_mega2560_16.a(WString.cpp.o)
String::concat(char)                              C:\Users\Justin\Desktop\Roborodentia_2015\UltraSonic_CodeBlocks\build\/core_mega2560_16.a(WString.cpp.o)
String::concat(int)                               C:\Users\Justin\Desktop\Roborodentia_2015\UltraSonic_CodeBlocks\build\/core_mega2560_16.a(WString.cpp.o)
String::concat(long)                              C:\Users\Justin\Desktop\Roborodentia_2015\UltraSonic_CodeBlocks\build\/core_mega2560_16.a(WString.cpp.o)
String::concat(unsigned char)                     C:\Users\Justin\Desktop\Roborodentia_2015\UltraSonic_CodeBlocks\build\/core_mega2560_16.a(WString.cpp.o)
String::concat(unsigned int)                      C:\Users\Justin\Desktop\Roborodentia_2015\UltraSonic_CodeBlocks\build\/core_mega2560_16.a(WString.cpp.o)
String::concat(unsigned long)                     C:\Users\Justin\Desktop\Roborodentia_2015\UltraSonic_CodeBlocks\build\/core_mega2560_16.a(WString.cpp.o)
String::copy(char const*, unsigned int)           C:\Users\Justin\Desktop\Roborodentia_2015\UltraSonic_CodeBlocks\build\/core_mega2560_16.a(WString.cpp.o)
String::endsWith(String const&) const             C:\Users\Justin\Desktop\Roborodentia_2015\UltraSonic_CodeBlocks\build\/core_mega2560_16.a(WString.cpp.o)
String::equals(String const&) const               C:\Users\Justin\Desktop\Roborodentia_2015\UltraSonic_CodeBlocks\build\/core_mega2560_16.a(WString.cpp.o)
String::equals(char const*) const                 C:\Users\Justin\Desktop\Roborodentia_2015\UltraSonic_CodeBlocks\build\/core_mega2560_16.a(WString.cpp.o)
String::equalsIgnoreCase(String const&) const     C:\Users\Justin\Desktop\Roborodentia_2015\UltraSonic_CodeBlocks\build\/core_mega2560_16.a(WString.cpp.o)
String::getBytes(unsigned char*, unsigned int, unsigned int) const C:\Users\Justin\Desktop\Roborodentia_2015\UltraSonic_CodeBlocks\build\/core_mega2560_16.a(WString.cpp.o)
String::indexOf(String const&) const              C:\Users\Justin\Desktop\Roborodentia_2015\UltraSonic_CodeBlocks\build\/core_mega2560_16.a(WString.cpp.o)
String::indexOf(String const&, unsigned int) const C:\Users\Justin\Desktop\Roborodentia_2015\UltraSonic_CodeBlocks\build\/core_mega2560_16.a(WString.cpp.o)
String::indexOf(char) const                       C:\Users\Justin\Desktop\Roborodentia_2015\UltraSonic_CodeBlocks\build\/core_mega2560_16.a(WString.cpp.o)
String::indexOf(char, unsigned int) const         C:\Users\Justin\Desktop\Roborodentia_2015\UltraSonic_CodeBlocks\build\/core_mega2560_16.a(WString.cpp.o)
String::invalidate()                              C:\Users\Justin\Desktop\Roborodentia_2015\UltraSonic_CodeBlocks\build\/core_mega2560_16.a(WString.cpp.o)
String::lastIndexOf(String const&) const          C:\Users\Justin\Desktop\Roborodentia_2015\UltraSonic_CodeBlocks\build\/core_mega2560_16.a(WString.cpp.o)
String::lastIndexOf(String const&, unsigned int) const C:\Users\Justin\Desktop\Roborodentia_2015\UltraSonic_CodeBlocks\build\/core_mega2560_16.a(WString.cpp.o)
String::lastIndexOf(char) const                   C:\Users\Justin\Desktop\Roborodentia_2015\UltraSonic_CodeBlocks\build\/core_mega2560_16.a(WString.cpp.o)
String::lastIndexOf(char, unsigned int) const     C:\Users\Justin\Desktop\Roborodentia_2015\UltraSonic_CodeBlocks\build\/core_mega2560_16.a(WString.cpp.o)
String::operator<(String const&) const            C:\Users\Justin\Desktop\Roborodentia_2015\UltraSonic_CodeBlocks\build\/core_mega2560_16.a(WString.cpp.o)
String::operator<=(String const&) const           C:\Users\Justin\Desktop\Roborodentia_2015\UltraSonic_CodeBlocks\build\/core_mega2560_16.a(WString.cpp.o)
String::operator=(String const&)                  C:\Users\Justin\Desktop\Roborodentia_2015\UltraSonic_CodeBlocks\build\/core_mega2560_16.a(WString.cpp.o)
String::operator=(char const*)                    C:\Users\Justin\Desktop\Roborodentia_2015\UltraSonic_CodeBlocks\build\/core_mega2560_16.a(WString.cpp.o)
String::operator>(String const&) const            C:\Users\Justin\Desktop\Roborodentia_2015\UltraSonic_CodeBlocks\build\/core_mega2560_16.a(WString.cpp.o)
String::operator>=(String const&) const           C:\Users\Justin\Desktop\Roborodentia_2015\UltraSonic_CodeBlocks\build\/core_mega2560_16.a(WString.cpp.o)
String::operator[](unsigned int)                  C:\Users\Justin\Desktop\Roborodentia_2015\UltraSonic_CodeBlocks\build\/core_mega2560_16.a(WString.cpp.o)
String::operator[](unsigned int) const            C:\Users\Justin\Desktop\Roborodentia_2015\UltraSonic_CodeBlocks\build\/core_mega2560_16.a(WString.cpp.o)
                                                  C:\Users\Justin\Desktop\Roborodentia_2015\UltraSonic_CodeBlocks\build\/core_mega2560_16.a(Print.cpp.o)
String::replace(String const&, String const&)     C:\Users\Justin\Desktop\Roborodentia_2015\UltraSonic_CodeBlocks\build\/core_mega2560_16.a(WString.cpp.o)
String::replace(char, char)                       C:\Users\Justin\Desktop\Roborodentia_2015\UltraSonic_CodeBlocks\build\/core_mega2560_16.a(WString.cpp.o)
String::reserve(unsigned int)                     C:\Users\Justin\Desktop\Roborodentia_2015\UltraSonic_CodeBlocks\build\/core_mega2560_16.a(WString.cpp.o)
String::setCharAt(unsigned int, char)             C:\Users\Justin\Desktop\Roborodentia_2015\UltraSonic_CodeBlocks\build\/core_mega2560_16.a(WString.cpp.o)
String::startsWith(String const&) const           C:\Users\Justin\Desktop\Roborodentia_2015\UltraSonic_CodeBlocks\build\/core_mega2560_16.a(WString.cpp.o)
String::startsWith(String const&, unsigned int) const C:\Users\Justin\Desktop\Roborodentia_2015\UltraSonic_CodeBlocks\build\/core_mega2560_16.a(WString.cpp.o)
String::substring(unsigned int) const             C:\Users\Justin\Desktop\Roborodentia_2015\UltraSonic_CodeBlocks\build\/core_mega2560_16.a(WString.cpp.o)
String::substring(unsigned int, unsigned int) const C:\Users\Justin\Desktop\Roborodentia_2015\UltraSonic_CodeBlocks\build\/core_mega2560_16.a(WString.cpp.o)
String::toInt() const                             C:\Users\Justin\Desktop\Roborodentia_2015\UltraSonic_CodeBlocks\build\/core_mega2560_16.a(WString.cpp.o)
String::toLowerCase()                             C:\Users\Justin\Desktop\Roborodentia_2015\UltraSonic_CodeBlocks\build\/core_mega2560_16.a(WString.cpp.o)
String::toUpperCase()                             C:\Users\Justin\Desktop\Roborodentia_2015\UltraSonic_CodeBlocks\build\/core_mega2560_16.a(WString.cpp.o)
String::trim()                                    C:\Users\Justin\Desktop\Roborodentia_2015\UltraSonic_CodeBlocks\build\/core_mega2560_16.a(WString.cpp.o)
String::~String()                                 C:\Users\Justin\Desktop\Roborodentia_2015\UltraSonic_CodeBlocks\build\/core_mega2560_16.a(WString.cpp.o)
String::~String()                                 C:\Users\Justin\Desktop\Roborodentia_2015\UltraSonic_CodeBlocks\build\/core_mega2560_16.a(WString.cpp.o)
Timer1                                            C:\Users\Justin\Desktop\Roborodentia_2015\UltraSonic_CodeBlocks\build\/lib_mega2560_16.a(TimerOne.cpp.o)
TimerOne::clockSelectBits                         C:\Users\Justin\Desktop\Roborodentia_2015\UltraSonic_CodeBlocks\build\/lib_mega2560_16.a(TimerOne.cpp.o)
                                                  build\Setup.o
TimerOne::isrCallback                             C:\Users\Justin\Desktop\Roborodentia_2015\UltraSonic_CodeBlocks\build\/lib_mega2560_16.a(TimerOne.cpp.o)
                                                  build\Setup.o
TimerOne::pwmPeriod                               C:\Users\Justin\Desktop\Roborodentia_2015\UltraSonic_CodeBlocks\build\/lib_mega2560_16.a(TimerOne.cpp.o)
                                                  build\Setup.o
__addsf3                                          c:/users/justin/desktop/codeblocks/bin/../lib/gcc/avr/4.3.3/../../../../avr/lib/avr6\libm.a(addsf3.o)
                                                  C:\Users\Justin\Desktop\Roborodentia_2015\UltraSonic_CodeBlocks\build\/core_mega2560_16.a(Print.cpp.o)
__addsf3x                                         c:/users/justin/desktop/codeblocks/bin/../lib/gcc/avr/4.3.3/../../../../avr/lib/avr6\libm.a(addsf3x.o)
                                                  c:/users/justin/desktop/codeblocks/bin/../lib/gcc/avr/4.3.3/../../../../avr/lib/avr6\libm.a(addsf3.o)
__bad_interrupt                                   c:/users/justin/desktop/codeblocks/bin/../lib/gcc/avr/4.3.3/../../../../avr/lib/avr6/crtm2560.o
__brkval                                          c:/users/justin/desktop/codeblocks/bin/../lib/gcc/avr/4.3.3/../../../../avr/lib/avr6\libc.a(realloc.o)
                                                  c:/users/justin/desktop/codeblocks/bin/../lib/gcc/avr/4.3.3/../../../../avr/lib/avr6\libc.a(malloc.o)
__bss_end                                         c:/users/justin/desktop/codeblocks/bin/../lib/gcc/avr/4.3.3/avr6\libgcc.a(_clear_bss.o)
__bss_start                                       c:/users/justin/desktop/codeblocks/bin/../lib/gcc/avr/4.3.3/avr6\libgcc.a(_clear_bss.o)
__cmpsf2                                          c:/users/justin/desktop/codeblocks/bin/../lib/gcc/avr/4.3.3/../../../../avr/lib/avr6\libm.a(cmpsf2.o)
__ctors_end                                       c:/users/justin/desktop/codeblocks/bin/../lib/gcc/avr/4.3.3/avr6\libgcc.a(_ctors.o)
__ctors_start                                     c:/users/justin/desktop/codeblocks/bin/../lib/gcc/avr/4.3.3/avr6\libgcc.a(_ctors.o)
__ctype_isfalse                                   c:/users/justin/desktop/codeblocks/bin/../lib/gcc/avr/4.3.3/../../../../avr/lib/avr6\libc.a(cty_isfalse.o)
                                                  c:/users/justin/desktop/codeblocks/bin/../lib/gcc/avr/4.3.3/../../../../avr/lib/avr6\libc.a(isspace.o)
__ctype_istrue                                    c:/users/justin/desktop/codeblocks/bin/../lib/gcc/avr/4.3.3/../../../../avr/lib/avr6\libc.a(cty_isfalse.o)
__cxa_guard_abort                                 C:\Users\Justin\Desktop\Roborodentia_2015\UltraSonic_CodeBlocks\build\/core_mega2560_16.a(new.cpp.o)
__cxa_guard_acquire                               C:\Users\Justin\Desktop\Roborodentia_2015\UltraSonic_CodeBlocks\build\/core_mega2560_16.a(new.cpp.o)
__cxa_guard_release                               C:\Users\Justin\Desktop\Roborodentia_2015\UltraSonic_CodeBlocks\build\/core_mega2560_16.a(new.cpp.o)
__cxa_pure_virtual                                C:\Users\Justin\Desktop\Roborodentia_2015\UltraSonic_CodeBlocks\build\/core_mega2560_16.a(new.cpp.o)
                                                  C:\Users\Justin\Desktop\Roborodentia_2015\UltraSonic_CodeBlocks\build\/core_mega2560_16.a(Print.cpp.o)
                                                  C:\Users\Justin\Desktop\Roborodentia_2015\UltraSonic_CodeBlocks\build\/core_mega2560_16.a(HardwareSerial.cpp.o)
__data_end                                        c:/users/justin/desktop/codeblocks/bin/../lib/gcc/avr/4.3.3/../../../../avr/lib/avr6/crtm2560.o
__data_load_start                                 c:/users/justin/desktop/codeblocks/bin/../lib/gcc/avr/4.3.3/../../../../avr/lib/avr6/crtm2560.o
__data_start                                      c:/users/justin/desktop/codeblocks/bin/../lib/gcc/avr/4.3.3/../../../../avr/lib/avr6/crtm2560.o
__divsf3                                          c:/users/justin/desktop/codeblocks/bin/../lib/gcc/avr/4.3.3/../../../../avr/lib/avr6\libm.a(divsf3.o)
                                                  C:\Users\Justin\Desktop\Roborodentia_2015\UltraSonic_CodeBlocks\build\/core_mega2560_16.a(Print.cpp.o)
__divsf3_pse                                      c:/users/justin/desktop/codeblocks/bin/../lib/gcc/avr/4.3.3/../../../../avr/lib/avr6\libm.a(divsf3x.o)
__divsf3x                                         c:/users/justin/desktop/codeblocks/bin/../lib/gcc/avr/4.3.3/../../../../avr/lib/avr6\libm.a(divsf3x.o)
                                                  c:/users/justin/desktop/codeblocks/bin/../lib/gcc/avr/4.3.3/../../../../avr/lib/avr6\libm.a(divsf3.o)
__do_clear_bss                                    c:/users/justin/desktop/codeblocks/bin/../lib/gcc/avr/4.3.3/avr6\libgcc.a(_clear_bss.o)
                                                  c:/users/justin/desktop/codeblocks/bin/../lib/gcc/avr/4.3.3/../../../../avr/lib/avr6\libc.a(realloc.o)
                                                  c:/users/justin/desktop/codeblocks/bin/../lib/gcc/avr/4.3.3/../../../../avr/lib/avr6\libc.a(malloc.o)
                                                  C:\Users\Justin\Desktop\Roborodentia_2015\UltraSonic_CodeBlocks\build\/core_mega2560_16.a(WString.cpp.o)
                                                  C:\Users\Justin\Desktop\Roborodentia_2015\UltraSonic_CodeBlocks\build\/core_mega2560_16.a(wiring.c.o)
                                                  C:\Users\Justin\Desktop\Roborodentia_2015\UltraSonic_CodeBlocks\build\/core_mega2560_16.a(HardwareSerial.cpp.o)
                                                  C:\Users\Justin\Desktop\Roborodentia_2015\UltraSonic_CodeBlocks\build\/lib_mega2560_16.a(TimerOne.cpp.o)
                                                  build\UltraSonic_CodeBlocks.o
__do_copy_data                                    c:/users/justin/desktop/codeblocks/bin/../lib/gcc/avr/4.3.3/../../../../avr/lib/avr6/crtm2560.o
                                                  c:/users/justin/desktop/codeblocks/bin/../lib/gcc/avr/4.3.3/../../../../avr/lib/avr6\libc.a(realloc.o)
                                                  c:/users/justin/desktop/codeblocks/bin/../lib/gcc/avr/4.3.3/../../../../avr/lib/avr6\libc.a(malloc.o)
                                                  C:\Users\Justin\Desktop\Roborodentia_2015\UltraSonic_CodeBlocks\build\/core_mega2560_16.a(WString.cpp.o)
                                                  C:\Users\Justin\Desktop\Roborodentia_2015\UltraSonic_CodeBlocks\build\/core_mega2560_16.a(Print.cpp.o)
                                                  C:\Users\Justin\Desktop\Roborodentia_2015\UltraSonic_CodeBlocks\build\/core_mega2560_16.a(HardwareSerial.cpp.o)
__do_global_ctors                                 c:/users/justin/desktop/codeblocks/bin/../lib/gcc/avr/4.3.3/avr6\libgcc.a(_ctors.o)
                                                  C:\Users\Justin\Desktop\Roborodentia_2015\UltraSonic_CodeBlocks\build\/core_mega2560_16.a(HardwareSerial.cpp.o)
__epilogue_restores__                             c:/users/justin/desktop/codeblocks/bin/../lib/gcc/avr/4.3.3/avr6\libgcc.a(_epilogue.o)
                                                  c:/users/justin/desktop/codeblocks/bin/../lib/gcc/avr/4.3.3/../../../../avr/lib/avr6\libc.a(realloc.o)
__eqsf2                                           c:/users/justin/desktop/codeblocks/bin/../lib/gcc/avr/4.3.3/../../../../avr/lib/avr6\libm.a(cmpsf2.o)
__fixsfsi                                         c:/users/justin/desktop/codeblocks/bin/../lib/gcc/avr/4.3.3/../../../../avr/lib/avr6\libm.a(fixsfsi.o)
                                                  C:\Users\Justin\Desktop\Roborodentia_2015\UltraSonic_CodeBlocks\build\/core_mega2560_16.a(Print.cpp.o)
__fixunssfsi                                      c:/users/justin/desktop/codeblocks/bin/../lib/gcc/avr/4.3.3/../../../../avr/lib/avr6\libm.a(fixunssfsi.o)
                                                  c:/users/justin/desktop/codeblocks/bin/../lib/gcc/avr/4.3.3/../../../../avr/lib/avr6\libm.a(fixsfsi.o)
                                                  C:\Users\Justin\Desktop\Roborodentia_2015\UltraSonic_CodeBlocks\build\/core_mega2560_16.a(Print.cpp.o)
__floatsisf                                       c:/users/justin/desktop/codeblocks/bin/../lib/gcc/avr/4.3.3/../../../../avr/lib/avr6\libm.a(floatsisf.o)
                                                  C:\Users\Justin\Desktop\Roborodentia_2015\UltraSonic_CodeBlocks\build\/core_mega2560_16.a(Print.cpp.o)
__floatunsisf                                     c:/users/justin/desktop/codeblocks/bin/../lib/gcc/avr/4.3.3/../../../../avr/lib/avr6\libm.a(floatsisf.o)
                                                  C:\Users\Justin\Desktop\Roborodentia_2015\UltraSonic_CodeBlocks\build\/core_mega2560_16.a(Print.cpp.o)
__flp                                             c:/users/justin/desktop/codeblocks/bin/../lib/gcc/avr/4.3.3/../../../../avr/lib/avr6\libc.a(realloc.o)
                                                  c:/users/justin/desktop/codeblocks/bin/../lib/gcc/avr/4.3.3/../../../../avr/lib/avr6\libc.a(malloc.o)
__fp_cmp                                          c:/users/justin/desktop/codeblocks/bin/../lib/gcc/avr/4.3.3/../../../../avr/lib/avr6\libm.a(fp_cmp.o)
                                                  c:/users/justin/desktop/codeblocks/bin/../lib/gcc/avr/4.3.3/../../../../avr/lib/avr6\libm.a(unordsf2.o)
                                                  c:/users/justin/desktop/codeblocks/bin/../lib/gcc/avr/4.3.3/../../../../avr/lib/avr6\libm.a(gesf2.o)
                                                  c:/users/justin/desktop/codeblocks/bin/../lib/gcc/avr/4.3.3/../../../../avr/lib/avr6\libm.a(cmpsf2.o)
__fp_inf                                          c:/users/justin/desktop/codeblocks/bin/../lib/gcc/avr/4.3.3/../../../../avr/lib/avr6\libm.a(fp_inf.o)
                                                  c:/users/justin/desktop/codeblocks/bin/../lib/gcc/avr/4.3.3/../../../../avr/lib/avr6\libm.a(mulsf3x.o)
                                                  c:/users/justin/desktop/codeblocks/bin/../lib/gcc/avr/4.3.3/../../../../avr/lib/avr6\libm.a(divsf3x.o)
                                                  c:/users/justin/desktop/codeblocks/bin/../lib/gcc/avr/4.3.3/../../../../avr/lib/avr6\libm.a(addsf3x.o)
__fp_nan                                          c:/users/justin/desktop/codeblocks/bin/../lib/gcc/avr/4.3.3/../../../../avr/lib/avr6\libm.a(fp_nan.o)
                                                  c:/users/justin/desktop/codeblocks/bin/../lib/gcc/avr/4.3.3/../../../../avr/lib/avr6\libm.a(mulsf3x.o)
                                                  c:/users/justin/desktop/codeblocks/bin/../lib/gcc/avr/4.3.3/../../../../avr/lib/avr6\libm.a(divsf3x.o)
                                                  c:/users/justin/desktop/codeblocks/bin/../lib/gcc/avr/4.3.3/../../../../avr/lib/avr6\libm.a(addsf3x.o)
__fp_pscA                                         c:/users/justin/desktop/codeblocks/bin/../lib/gcc/avr/4.3.3/../../../../avr/lib/avr6\libm.a(fp_pscA.o)
                                                  c:/users/justin/desktop/codeblocks/bin/../lib/gcc/avr/4.3.3/../../../../avr/lib/avr6\libm.a(mulsf3x.o)
                                                  c:/users/justin/desktop/codeblocks/bin/../lib/gcc/avr/4.3.3/../../../../avr/lib/avr6\libm.a(divsf3x.o)
                                                  c:/users/justin/desktop/codeblocks/bin/../lib/gcc/avr/4.3.3/../../../../avr/lib/avr6\libm.a(addsf3x.o)
__fp_pscB                                         c:/users/justin/desktop/codeblocks/bin/../lib/gcc/avr/4.3.3/../../../../avr/lib/avr6\libm.a(fp_pscB.o)
                                                  c:/users/justin/desktop/codeblocks/bin/../lib/gcc/avr/4.3.3/../../../../avr/lib/avr6\libm.a(mulsf3x.o)
                                                  c:/users/justin/desktop/codeblocks/bin/../lib/gcc/avr/4.3.3/../../../../avr/lib/avr6\libm.a(divsf3x.o)
                                                  c:/users/justin/desktop/codeblocks/bin/../lib/gcc/avr/4.3.3/../../../../avr/lib/avr6\libm.a(addsf3x.o)
__fp_round                                        c:/users/justin/desktop/codeblocks/bin/../lib/gcc/avr/4.3.3/../../../../avr/lib/avr6\libm.a(fp_round.o)
                                                  c:/users/justin/desktop/codeblocks/bin/../lib/gcc/avr/4.3.3/../../../../avr/lib/avr6\libm.a(mulsf3.o)
                                                  c:/users/justin/desktop/codeblocks/bin/../lib/gcc/avr/4.3.3/../../../../avr/lib/avr6\libm.a(divsf3.o)
                                                  c:/users/justin/desktop/codeblocks/bin/../lib/gcc/avr/4.3.3/../../../../avr/lib/avr6\libm.a(addsf3.o)
__fp_split3                                       c:/users/justin/desktop/codeblocks/bin/../lib/gcc/avr/4.3.3/../../../../avr/lib/avr6\libm.a(fp_split3.o)
                                                  c:/users/justin/desktop/codeblocks/bin/../lib/gcc/avr/4.3.3/../../../../avr/lib/avr6\libm.a(mulsf3x.o)
                                                  c:/users/justin/desktop/codeblocks/bin/../lib/gcc/avr/4.3.3/../../../../avr/lib/avr6\libm.a(divsf3x.o)
                                                  c:/users/justin/desktop/codeblocks/bin/../lib/gcc/avr/4.3.3/../../../../avr/lib/avr6\libm.a(addsf3x.o)
__fp_splitA                                       c:/users/justin/desktop/codeblocks/bin/../lib/gcc/avr/4.3.3/../../../../avr/lib/avr6\libm.a(fp_split3.o)
                                                  c:/users/justin/desktop/codeblocks/bin/../lib/gcc/avr/4.3.3/../../../../avr/lib/avr6\libm.a(fixunssfsi.o)
__fp_szero                                        c:/users/justin/desktop/codeblocks/bin/../lib/gcc/avr/4.3.3/../../../../avr/lib/avr6\libm.a(fp_zero.o)
                                                  c:/users/justin/desktop/codeblocks/bin/../lib/gcc/avr/4.3.3/../../../../avr/lib/avr6\libm.a(mulsf3x.o)
                                                  c:/users/justin/desktop/codeblocks/bin/../lib/gcc/avr/4.3.3/../../../../avr/lib/avr6\libm.a(fixsfsi.o)
                                                  c:/users/justin/desktop/codeblocks/bin/../lib/gcc/avr/4.3.3/../../../../avr/lib/avr6\libm.a(divsf3x.o)
__fp_zero                                         c:/users/justin/desktop/codeblocks/bin/../lib/gcc/avr/4.3.3/../../../../avr/lib/avr6\libm.a(fp_zero.o)
                                                  c:/users/justin/desktop/codeblocks/bin/../lib/gcc/avr/4.3.3/../../../../avr/lib/avr6\libm.a(fixunssfsi.o)
                                                  c:/users/justin/desktop/codeblocks/bin/../lib/gcc/avr/4.3.3/../../../../avr/lib/avr6\libm.a(addsf3x.o)
__gesf2                                           c:/users/justin/desktop/codeblocks/bin/../lib/gcc/avr/4.3.3/../../../../avr/lib/avr6\libm.a(gesf2.o)
__gtsf2                                           c:/users/justin/desktop/codeblocks/bin/../lib/gcc/avr/4.3.3/../../../../avr/lib/avr6\libm.a(gesf2.o)
                                                  C:\Users\Justin\Desktop\Roborodentia_2015\UltraSonic_CodeBlocks\build\/core_mega2560_16.a(Print.cpp.o)
__heap_end                                        c:/users/justin/desktop/codeblocks/bin/../lib/gcc/avr/4.3.3/../../../../avr/lib/avr6/crtm2560.o
                                                  c:/users/justin/desktop/codeblocks/bin/../lib/gcc/avr/4.3.3/../../../../avr/lib/avr6\libc.a(malloc.o)
__heap_start                                      c:/users/justin/desktop/codeblocks/bin/../lib/gcc/avr/4.3.3/../../../../avr/lib/avr6\libc.a(malloc.o)
__init                                            c:/users/justin/desktop/codeblocks/bin/../lib/gcc/avr/4.3.3/../../../../avr/lib/avr6/crtm2560.o
__lesf2                                           c:/users/justin/desktop/codeblocks/bin/../lib/gcc/avr/4.3.3/../../../../avr/lib/avr6\libm.a(cmpsf2.o)
                                                  C:\Users\Justin\Desktop\Roborodentia_2015\UltraSonic_CodeBlocks\build\/core_mega2560_16.a(Print.cpp.o)
__ltsf2                                           c:/users/justin/desktop/codeblocks/bin/../lib/gcc/avr/4.3.3/../../../../avr/lib/avr6\libm.a(cmpsf2.o)
                                                  C:\Users\Justin\Desktop\Roborodentia_2015\UltraSonic_CodeBlocks\build\/core_mega2560_16.a(Print.cpp.o)
__malloc_heap_end                                 c:/users/justin/desktop/codeblocks/bin/../lib/gcc/avr/4.3.3/../../../../avr/lib/avr6\libc.a(malloc.o)
                                                  c:/users/justin/desktop/codeblocks/bin/../lib/gcc/avr/4.3.3/../../../../avr/lib/avr6\libc.a(realloc.o)
__malloc_heap_start                               c:/users/justin/desktop/codeblocks/bin/../lib/gcc/avr/4.3.3/../../../../avr/lib/avr6\libc.a(malloc.o)
__malloc_margin                                   c:/users/justin/desktop/codeblocks/bin/../lib/gcc/avr/4.3.3/../../../../avr/lib/avr6\libc.a(malloc.o)
                                                  c:/users/justin/desktop/codeblocks/bin/../lib/gcc/avr/4.3.3/../../../../avr/lib/avr6\libc.a(realloc.o)
__mulsf3                                          c:/users/justin/desktop/codeblocks/bin/../lib/gcc/avr/4.3.3/../../../../avr/lib/avr6\libm.a(mulsf3.o)
                                                  C:\Users\Justin\Desktop\Roborodentia_2015\UltraSonic_CodeBlocks\build\/core_mega2560_16.a(Print.cpp.o)
__mulsf3_pse                                      c:/users/justin/desktop/codeblocks/bin/../lib/gcc/avr/4.3.3/../../../../avr/lib/avr6\libm.a(mulsf3x.o)
__mulsf3x                                         c:/users/justin/desktop/codeblocks/bin/../lib/gcc/avr/4.3.3/../../../../avr/lib/avr6\libm.a(mulsf3x.o)
                                                  c:/users/justin/desktop/codeblocks/bin/../lib/gcc/avr/4.3.3/../../../../avr/lib/avr6\libm.a(mulsf3.o)
__mulsi3                                          c:/users/justin/desktop/codeblocks/bin/../lib/gcc/avr/4.3.3/avr6\libgcc.a(_mulsi3.o)
                                                  C:\Users\Justin\Desktop\Roborodentia_2015\UltraSonic_CodeBlocks\build\/core_mega2560_16.a(Print.cpp.o)
__mulsi_const_10                                  c:/users/justin/desktop/codeblocks/bin/../lib/gcc/avr/4.3.3/../../../../avr/lib/avr6\libc.a(mulsi10.o)
                                                  c:/users/justin/desktop/codeblocks/bin/../lib/gcc/avr/4.3.3/../../../../avr/lib/avr6\libc.a(atol.o)
__nesf2                                           c:/users/justin/desktop/codeblocks/bin/../lib/gcc/avr/4.3.3/../../../../avr/lib/avr6\libm.a(cmpsf2.o)
__prologue_saves__                                c:/users/justin/desktop/codeblocks/bin/../lib/gcc/avr/4.3.3/avr6\libgcc.a(_prologue.o)
                                                  c:/users/justin/desktop/codeblocks/bin/../lib/gcc/avr/4.3.3/../../../../avr/lib/avr6\libc.a(realloc.o)
__stack                                           c:/users/justin/desktop/codeblocks/bin/../lib/gcc/avr/4.3.3/../../../../avr/lib/avr6/crtm2560.o
__subsf3                                          c:/users/justin/desktop/codeblocks/bin/../lib/gcc/avr/4.3.3/../../../../avr/lib/avr6\libm.a(addsf3.o)
                                                  C:\Users\Justin\Desktop\Roborodentia_2015\UltraSonic_CodeBlocks\build\/core_mega2560_16.a(Print.cpp.o)
__tablejump2__                                    c:/users/justin/desktop/codeblocks/bin/../lib/gcc/avr/4.3.3/avr6\libgcc.a(_tablejump.o)
__tablejump__                                     c:/users/justin/desktop/codeblocks/bin/../lib/gcc/avr/4.3.3/avr6\libgcc.a(_tablejump.o)
                                                  c:/users/justin/desktop/codeblocks/bin/../lib/gcc/avr/4.3.3/avr6\libgcc.a(_ctors.o)
__udivmodhi4                                      c:/users/justin/desktop/codeblocks/bin/../lib/gcc/avr/4.3.3/avr6\libgcc.a(_udivmodhi4.o)
                                                  c:/users/justin/desktop/codeblocks/bin/../lib/gcc/avr/4.3.3/../../../../avr/lib/avr6\libc.a(utoa.o)
                                                  c:/users/justin/desktop/codeblocks/bin/../lib/gcc/avr/4.3.3/../../../../avr/lib/avr6\libc.a(itoa.o)
__udivmodsi4                                      c:/users/justin/desktop/codeblocks/bin/../lib/gcc/avr/4.3.3/avr6\libgcc.a(_udivmodsi4.o)
                                                  c:/users/justin/desktop/codeblocks/bin/../lib/gcc/avr/4.3.3/../../../../avr/lib/avr6\libc.a(ultoa.o)
                                                  c:/users/justin/desktop/codeblocks/bin/../lib/gcc/avr/4.3.3/../../../../avr/lib/avr6\libc.a(ltoa.o)
                                                  C:\Users\Justin\Desktop\Roborodentia_2015\UltraSonic_CodeBlocks\build\/core_mega2560_16.a(Print.cpp.o)
                                                  C:\Users\Justin\Desktop\Roborodentia_2015\UltraSonic_CodeBlocks\build\/core_mega2560_16.a(HardwareSerial.cpp.o)
                                                  build\UltraSonic_CodeBlocks.o
__unordsf2                                        c:/users/justin/desktop/codeblocks/bin/../lib/gcc/avr/4.3.3/../../../../avr/lib/avr6\libm.a(unordsf2.o)
                                                  C:\Users\Justin\Desktop\Roborodentia_2015\UltraSonic_CodeBlocks\build\/core_mega2560_16.a(Print.cpp.o)
__vector_1                                        c:/users/justin/desktop/codeblocks/bin/../lib/gcc/avr/4.3.3/../../../../avr/lib/avr6/crtm2560.o
__vector_10                                       c:/users/justin/desktop/codeblocks/bin/../lib/gcc/avr/4.3.3/../../../../avr/lib/avr6/crtm2560.o
__vector_11                                       c:/users/justin/desktop/codeblocks/bin/../lib/gcc/avr/4.3.3/../../../../avr/lib/avr6/crtm2560.o
__vector_12                                       c:/users/justin/desktop/codeblocks/bin/../lib/gcc/avr/4.3.3/../../../../avr/lib/avr6/crtm2560.o
__vector_13                                       c:/users/justin/desktop/codeblocks/bin/../lib/gcc/avr/4.3.3/../../../../avr/lib/avr6/crtm2560.o
__vector_14                                       c:/users/justin/desktop/codeblocks/bin/../lib/gcc/avr/4.3.3/../../../../avr/lib/avr6/crtm2560.o
__vector_15                                       c:/users/justin/desktop/codeblocks/bin/../lib/gcc/avr/4.3.3/../../../../avr/lib/avr6/crtm2560.o
__vector_16                                       c:/users/justin/desktop/codeblocks/bin/../lib/gcc/avr/4.3.3/../../../../avr/lib/avr6/crtm2560.o
__vector_17                                       c:/users/justin/desktop/codeblocks/bin/../lib/gcc/avr/4.3.3/../../../../avr/lib/avr6/crtm2560.o
__vector_18                                       c:/users/justin/desktop/codeblocks/bin/../lib/gcc/avr/4.3.3/../../../../avr/lib/avr6/crtm2560.o
__vector_19                                       c:/users/justin/desktop/codeblocks/bin/../lib/gcc/avr/4.3.3/../../../../avr/lib/avr6/crtm2560.o
__vector_2                                        c:/users/justin/desktop/codeblocks/bin/../lib/gcc/avr/4.3.3/../../../../avr/lib/avr6/crtm2560.o
__vector_20                                       C:\Users\Justin\Desktop\Roborodentia_2015\UltraSonic_CodeBlocks\build\/lib_mega2560_16.a(TimerOne.cpp.o)
                                                  c:/users/justin/desktop/codeblocks/bin/../lib/gcc/avr/4.3.3/../../../../avr/lib/avr6/crtm2560.o
__vector_21                                       c:/users/justin/desktop/codeblocks/bin/../lib/gcc/avr/4.3.3/../../../../avr/lib/avr6/crtm2560.o
__vector_22                                       c:/users/justin/desktop/codeblocks/bin/../lib/gcc/avr/4.3.3/../../../../avr/lib/avr6/crtm2560.o
__vector_23                                       C:\Users\Justin\Desktop\Roborodentia_2015\UltraSonic_CodeBlocks\build\/core_mega2560_16.a(wiring.c.o)
                                                  c:/users/justin/desktop/codeblocks/bin/../lib/gcc/avr/4.3.3/../../../../avr/lib/avr6/crtm2560.o
__vector_24                                       c:/users/justin/desktop/codeblocks/bin/../lib/gcc/avr/4.3.3/../../../../avr/lib/avr6/crtm2560.o
__vector_25                                       C:\Users\Justin\Desktop\Roborodentia_2015\UltraSonic_CodeBlocks\build\/core_mega2560_16.a(HardwareSerial.cpp.o)
                                                  c:/users/justin/desktop/codeblocks/bin/../lib/gcc/avr/4.3.3/../../../../avr/lib/avr6/crtm2560.o
__vector_26                                       C:\Users\Justin\Desktop\Roborodentia_2015\UltraSonic_CodeBlocks\build\/core_mega2560_16.a(HardwareSerial.cpp.o)
                                                  c:/users/justin/desktop/codeblocks/bin/../lib/gcc/avr/4.3.3/../../../../avr/lib/avr6/crtm2560.o
__vector_27                                       c:/users/justin/desktop/codeblocks/bin/../lib/gcc/avr/4.3.3/../../../../avr/lib/avr6/crtm2560.o
__vector_28                                       c:/users/justin/desktop/codeblocks/bin/../lib/gcc/avr/4.3.3/../../../../avr/lib/avr6/crtm2560.o
__vector_29                                       c:/users/justin/desktop/codeblocks/bin/../lib/gcc/avr/4.3.3/../../../../avr/lib/avr6/crtm2560.o
__vector_3                                        c:/users/justin/desktop/codeblocks/bin/../lib/gcc/avr/4.3.3/../../../../avr/lib/avr6/crtm2560.o
__vector_30                                       c:/users/justin/desktop/codeblocks/bin/../lib/gcc/avr/4.3.3/../../../../avr/lib/avr6/crtm2560.o
__vector_31                                       c:/users/justin/desktop/codeblocks/bin/../lib/gcc/avr/4.3.3/../../../../avr/lib/avr6/crtm2560.o
__vector_32                                       c:/users/justin/desktop/codeblocks/bin/../lib/gcc/avr/4.3.3/../../../../avr/lib/avr6/crtm2560.o
__vector_33                                       c:/users/justin/desktop/codeblocks/bin/../lib/gcc/avr/4.3.3/../../../../avr/lib/avr6/crtm2560.o
__vector_34                                       c:/users/justin/desktop/codeblocks/bin/../lib/gcc/avr/4.3.3/../../../../avr/lib/avr6/crtm2560.o
__vector_35                                       c:/users/justin/desktop/codeblocks/bin/../lib/gcc/avr/4.3.3/../../../../avr/lib/avr6/crtm2560.o
__vector_36                                       C:\Users\Justin\Desktop\Roborodentia_2015\UltraSonic_CodeBlocks\build\/core_mega2560_16.a(HardwareSerial.cpp.o)
                                                  c:/users/justin/desktop/codeblocks/bin/../lib/gcc/avr/4.3.3/../../../../avr/lib/avr6/crtm2560.o
__vector_37                                       C:\Users\Justin\Desktop\Roborodentia_2015\UltraSonic_CodeBlocks\build\/core_mega2560_16.a(HardwareSerial.cpp.o)
                                                  c:/users/justin/desktop/codeblocks/bin/../lib/gcc/avr/4.3.3/../../../../avr/lib/avr6/crtm2560.o
__vector_38                                       c:/users/justin/desktop/codeblocks/bin/../lib/gcc/avr/4.3.3/../../../../avr/lib/avr6/crtm2560.o
__vector_39                                       c:/users/justin/desktop/codeblocks/bin/../lib/gcc/avr/4.3.3/../../../../avr/lib/avr6/crtm2560.o
__vector_4                                        c:/users/justin/desktop/codeblocks/bin/../lib/gcc/avr/4.3.3/../../../../avr/lib/avr6/crtm2560.o
__vector_40                                       c:/users/justin/desktop/codeblocks/bin/../lib/gcc/avr/4.3.3/../../../../avr/lib/avr6/crtm2560.o
__vector_41                                       c:/users/justin/desktop/codeblocks/bin/../lib/gcc/avr/4.3.3/../../../../avr/lib/avr6/crtm2560.o
__vector_42                                       c:/users/justin/desktop/codeblocks/bin/../lib/gcc/avr/4.3.3/../../../../avr/lib/avr6/crtm2560.o
__vector_43                                       c:/users/justin/desktop/codeblocks/bin/../lib/gcc/avr/4.3.3/../../../../avr/lib/avr6/crtm2560.o
__vector_44                                       c:/users/justin/desktop/codeblocks/bin/../lib/gcc/avr/4.3.3/../../../../avr/lib/avr6/crtm2560.o
__vector_45                                       c:/users/justin/desktop/codeblocks/bin/../lib/gcc/avr/4.3.3/../../../../avr/lib/avr6/crtm2560.o
__vector_46                                       c:/users/justin/desktop/codeblocks/bin/../lib/gcc/avr/4.3.3/../../../../avr/lib/avr6/crtm2560.o
__vector_47                                       c:/users/justin/desktop/codeblocks/bin/../lib/gcc/avr/4.3.3/../../../../avr/lib/avr6/crtm2560.o
__vector_48                                       c:/users/justin/desktop/codeblocks/bin/../lib/gcc/avr/4.3.3/../../../../avr/lib/avr6/crtm2560.o
__vector_49                                       c:/users/justin/desktop/codeblocks/bin/../lib/gcc/avr/4.3.3/../../../../avr/lib/avr6/crtm2560.o
__vector_5                                        c:/users/justin/desktop/codeblocks/bin/../lib/gcc/avr/4.3.3/../../../../avr/lib/avr6/crtm2560.o
__vector_50                                       c:/users/justin/desktop/codeblocks/bin/../lib/gcc/avr/4.3.3/../../../../avr/lib/avr6/crtm2560.o
__vector_51                                       C:\Users\Justin\Desktop\Roborodentia_2015\UltraSonic_CodeBlocks\build\/core_mega2560_16.a(HardwareSerial.cpp.o)
                                                  c:/users/justin/desktop/codeblocks/bin/../lib/gcc/avr/4.3.3/../../../../avr/lib/avr6/crtm2560.o
__vector_52                                       C:\Users\Justin\Desktop\Roborodentia_2015\UltraSonic_CodeBlocks\build\/core_mega2560_16.a(HardwareSerial.cpp.o)
                                                  c:/users/justin/desktop/codeblocks/bin/../lib/gcc/avr/4.3.3/../../../../avr/lib/avr6/crtm2560.o
__vector_53                                       c:/users/justin/desktop/codeblocks/bin/../lib/gcc/avr/4.3.3/../../../../avr/lib/avr6/crtm2560.o
__vector_54                                       C:\Users\Justin\Desktop\Roborodentia_2015\UltraSonic_CodeBlocks\build\/core_mega2560_16.a(HardwareSerial.cpp.o)
                                                  c:/users/justin/desktop/codeblocks/bin/../lib/gcc/avr/4.3.3/../../../../avr/lib/avr6/crtm2560.o
__vector_55                                       C:\Users\Justin\Desktop\Roborodentia_2015\UltraSonic_CodeBlocks\build\/core_mega2560_16.a(HardwareSerial.cpp.o)
                                                  c:/users/justin/desktop/codeblocks/bin/../lib/gcc/avr/4.3.3/../../../../avr/lib/avr6/crtm2560.o
__vector_56                                       c:/users/justin/desktop/codeblocks/bin/../lib/gcc/avr/4.3.3/../../../../avr/lib/avr6/crtm2560.o
__vector_6                                        c:/users/justin/desktop/codeblocks/bin/../lib/gcc/avr/4.3.3/../../../../avr/lib/avr6/crtm2560.o
__vector_7                                        c:/users/justin/desktop/codeblocks/bin/../lib/gcc/avr/4.3.3/../../../../avr/lib/avr6/crtm2560.o
__vector_8                                        c:/users/justin/desktop/codeblocks/bin/../lib/gcc/avr/4.3.3/../../../../avr/lib/avr6/crtm2560.o
__vector_9                                        c:/users/justin/desktop/codeblocks/bin/../lib/gcc/avr/4.3.3/../../../../avr/lib/avr6/crtm2560.o
__vector_default                                  c:/users/justin/desktop/codeblocks/bin/../lib/gcc/avr/4.3.3/../../../../avr/lib/avr6/crtm2560.o
__vectors                                         c:/users/justin/desktop/codeblocks/bin/../lib/gcc/avr/4.3.3/../../../../avr/lib/avr6/crtm2560.o
_exit                                             c:/users/justin/desktop/codeblocks/bin/../lib/gcc/avr/4.3.3/avr6\libgcc.a(_exit.o)
atol                                              c:/users/justin/desktop/codeblocks/bin/../lib/gcc/avr/4.3.3/../../../../avr/lib/avr6\libc.a(atol.o)
                                                  C:\Users\Justin\Desktop\Roborodentia_2015\UltraSonic_CodeBlocks\build\/core_mega2560_16.a(WString.cpp.o)
cycle()                                           build\UltraSonic_CodeBlocks.o
delay                                             C:\Users\Justin\Desktop\Roborodentia_2015\UltraSonic_CodeBlocks\build\/core_mega2560_16.a(wiring.c.o)
delayMicroseconds                                 C:\Users\Justin\Desktop\Roborodentia_2015\UltraSonic_CodeBlocks\build\/core_mega2560_16.a(wiring.c.o)
digitalRead                                       C:\Users\Justin\Desktop\Roborodentia_2015\UltraSonic_CodeBlocks\build\/core_mega2560_16.a(wiring_digital.c.o)
                                                  build\UltraSonic_CodeBlocks.o
digitalWrite                                      C:\Users\Justin\Desktop\Roborodentia_2015\UltraSonic_CodeBlocks\build\/core_mega2560_16.a(wiring_digital.c.o)
                                                  build\UltraSonic_CodeBlocks.o
                                                  build\Setup.o
digital_pin_to_bit_mask_PGM                       C:\Users\Justin\Desktop\Roborodentia_2015\UltraSonic_CodeBlocks\build\/core_mega2560_16.a(wiring_digital.c.o)
digital_pin_to_port_PGM                           C:\Users\Justin\Desktop\Roborodentia_2015\UltraSonic_CodeBlocks\build\/core_mega2560_16.a(wiring_digital.c.o)
digital_pin_to_timer_PGM                          C:\Users\Justin\Desktop\Roborodentia_2015\UltraSonic_CodeBlocks\build\/core_mega2560_16.a(wiring_digital.c.o)
exit                                              c:/users/justin/desktop/codeblocks/bin/../lib/gcc/avr/4.3.3/avr6\libgcc.a(_exit.o)
                                                  c:/users/justin/desktop/codeblocks/bin/../lib/gcc/avr/4.3.3/../../../../avr/lib/avr6/crtm2560.o
free                                              c:/users/justin/desktop/codeblocks/bin/../lib/gcc/avr/4.3.3/../../../../avr/lib/avr6\libc.a(malloc.o)
                                                  c:/users/justin/desktop/codeblocks/bin/../lib/gcc/avr/4.3.3/../../../../avr/lib/avr6\libc.a(realloc.o)
                                                  C:\Users\Justin\Desktop\Roborodentia_2015\UltraSonic_CodeBlocks\build\/core_mega2560_16.a(WString.cpp.o)
                                                  C:\Users\Justin\Desktop\Roborodentia_2015\UltraSonic_CodeBlocks\build\/core_mega2560_16.a(new.cpp.o)
heartbeat()                                       build\UltraSonic_CodeBlocks.o
init                                              C:\Users\Justin\Desktop\Roborodentia_2015\UltraSonic_CodeBlocks\build\/core_mega2560_16.a(wiring.c.o)
                                                  C:\Users\Justin\Desktop\Roborodentia_2015\UltraSonic_CodeBlocks\build\/core_mega2560_16.a(main.cpp.o)
isspace                                           c:/users/justin/desktop/codeblocks/bin/../lib/gcc/avr/4.3.3/../../../../avr/lib/avr6\libc.a(isspace.o)
                                                  C:\Users\Justin\Desktop\Roborodentia_2015\UltraSonic_CodeBlocks\build\/core_mega2560_16.a(WString.cpp.o)
itoa                                              c:/users/justin/desktop/codeblocks/bin/../lib/gcc/avr/4.3.3/../../../../avr/lib/avr6\libc.a(itoa.o)
                                                  C:\Users\Justin\Desktop\Roborodentia_2015\UltraSonic_CodeBlocks\build\/core_mega2560_16.a(WString.cpp.o)
loop                                              build\UltraSonic_CodeBlocks.o
                                                  C:\Users\Justin\Desktop\Roborodentia_2015\UltraSonic_CodeBlocks\build\/core_mega2560_16.a(main.cpp.o)
ltoa                                              c:/users/justin/desktop/codeblocks/bin/../lib/gcc/avr/4.3.3/../../../../avr/lib/avr6\libc.a(ltoa.o)
                                                  C:\Users\Justin\Desktop\Roborodentia_2015\UltraSonic_CodeBlocks\build\/core_mega2560_16.a(WString.cpp.o)
main                                              C:\Users\Justin\Desktop\Roborodentia_2015\UltraSonic_CodeBlocks\build\/core_mega2560_16.a(main.cpp.o)
                                                  c:/users/justin/desktop/codeblocks/bin/../lib/gcc/avr/4.3.3/../../../../avr/lib/avr6/crtm2560.o
malloc                                            c:/users/justin/desktop/codeblocks/bin/../lib/gcc/avr/4.3.3/../../../../avr/lib/avr6\libc.a(malloc.o)
                                                  c:/users/justin/desktop/codeblocks/bin/../lib/gcc/avr/4.3.3/../../../../avr/lib/avr6\libc.a(realloc.o)
                                                  C:\Users\Justin\Desktop\Roborodentia_2015\UltraSonic_CodeBlocks\build\/core_mega2560_16.a(new.cpp.o)
memcpy                                            c:/users/justin/desktop/codeblocks/bin/../lib/gcc/avr/4.3.3/../../../../avr/lib/avr6\libc.a(memcpy.o)
                                                  c:/users/justin/desktop/codeblocks/bin/../lib/gcc/avr/4.3.3/../../../../avr/lib/avr6\libc.a(memmove.o)
                                                  c:/users/justin/desktop/codeblocks/bin/../lib/gcc/avr/4.3.3/../../../../avr/lib/avr6\libc.a(realloc.o)
                                                  C:\Users\Justin\Desktop\Roborodentia_2015\UltraSonic_CodeBlocks\build\/core_mega2560_16.a(WString.cpp.o)
memmove                                           c:/users/justin/desktop/codeblocks/bin/../lib/gcc/avr/4.3.3/../../../../avr/lib/avr6\libc.a(memmove.o)
                                                  C:\Users\Justin\Desktop\Roborodentia_2015\UltraSonic_CodeBlocks\build\/core_mega2560_16.a(WString.cpp.o)
micros                                            C:\Users\Justin\Desktop\Roborodentia_2015\UltraSonic_CodeBlocks\build\/core_mega2560_16.a(wiring.c.o)
millis                                            C:\Users\Justin\Desktop\Roborodentia_2015\UltraSonic_CodeBlocks\build\/core_mega2560_16.a(wiring.c.o)
                                                  build\UltraSonic_CodeBlocks.o
operator delete(void*)                            C:\Users\Justin\Desktop\Roborodentia_2015\UltraSonic_CodeBlocks\build\/core_mega2560_16.a(new.cpp.o)
operator delete[](void*)                          C:\Users\Justin\Desktop\Roborodentia_2015\UltraSonic_CodeBlocks\build\/core_mega2560_16.a(new.cpp.o)
operator new(unsigned int)                        C:\Users\Justin\Desktop\Roborodentia_2015\UltraSonic_CodeBlocks\build\/core_mega2560_16.a(new.cpp.o)
operator new[](unsigned int)                      C:\Users\Justin\Desktop\Roborodentia_2015\UltraSonic_CodeBlocks\build\/core_mega2560_16.a(new.cpp.o)
operator+(StringSumHelper const&, String const&)  C:\Users\Justin\Desktop\Roborodentia_2015\UltraSonic_CodeBlocks\build\/core_mega2560_16.a(WString.cpp.o)
operator+(StringSumHelper const&, char const*)    C:\Users\Justin\Desktop\Roborodentia_2015\UltraSonic_CodeBlocks\build\/core_mega2560_16.a(WString.cpp.o)
operator+(StringSumHelper const&, char)           C:\Users\Justin\Desktop\Roborodentia_2015\UltraSonic_CodeBlocks\build\/core_mega2560_16.a(WString.cpp.o)
operator+(StringSumHelper const&, int)            C:\Users\Justin\Desktop\Roborodentia_2015\UltraSonic_CodeBlocks\build\/core_mega2560_16.a(WString.cpp.o)
operator+(StringSumHelper const&, long)           C:\Users\Justin\Desktop\Roborodentia_2015\UltraSonic_CodeBlocks\build\/core_mega2560_16.a(WString.cpp.o)
operator+(StringSumHelper const&, unsigned char)  C:\Users\Justin\Desktop\Roborodentia_2015\UltraSonic_CodeBlocks\build\/core_mega2560_16.a(WString.cpp.o)
operator+(StringSumHelper const&, unsigned int)   C:\Users\Justin\Desktop\Roborodentia_2015\UltraSonic_CodeBlocks\build\/core_mega2560_16.a(WString.cpp.o)
operator+(StringSumHelper const&, unsigned long)  C:\Users\Justin\Desktop\Roborodentia_2015\UltraSonic_CodeBlocks\build\/core_mega2560_16.a(WString.cpp.o)
pinMode                                           C:\Users\Justin\Desktop\Roborodentia_2015\UltraSonic_CodeBlocks\build\/core_mega2560_16.a(wiring_digital.c.o)
                                                  build\Setup.o
port_to_input_PGM                                 C:\Users\Justin\Desktop\Roborodentia_2015\UltraSonic_CodeBlocks\build\/core_mega2560_16.a(wiring_digital.c.o)
port_to_mode_PGM                                  C:\Users\Justin\Desktop\Roborodentia_2015\UltraSonic_CodeBlocks\build\/core_mega2560_16.a(wiring_digital.c.o)
port_to_output_PGM                                C:\Users\Justin\Desktop\Roborodentia_2015\UltraSonic_CodeBlocks\build\/core_mega2560_16.a(wiring_digital.c.o)
realloc                                           c:/users/justin/desktop/codeblocks/bin/../lib/gcc/avr/4.3.3/../../../../avr/lib/avr6\libc.a(realloc.o)
                                                  C:\Users\Justin\Desktop\Roborodentia_2015\UltraSonic_CodeBlocks\build\/core_mega2560_16.a(WString.cpp.o)
rx_buffer                                         C:\Users\Justin\Desktop\Roborodentia_2015\UltraSonic_CodeBlocks\build\/core_mega2560_16.a(HardwareSerial.cpp.o)
rx_buffer1                                        C:\Users\Justin\Desktop\Roborodentia_2015\UltraSonic_CodeBlocks\build\/core_mega2560_16.a(HardwareSerial.cpp.o)
rx_buffer2                                        C:\Users\Justin\Desktop\Roborodentia_2015\UltraSonic_CodeBlocks\build\/core_mega2560_16.a(HardwareSerial.cpp.o)
rx_buffer3                                        C:\Users\Justin\Desktop\Roborodentia_2015\UltraSonic_CodeBlocks\build\/core_mega2560_16.a(HardwareSerial.cpp.o)
serialEvent()                                     C:\Users\Justin\Desktop\Roborodentia_2015\UltraSonic_CodeBlocks\build\/core_mega2560_16.a(HardwareSerial.cpp.o)
serialEvent1()                                    C:\Users\Justin\Desktop\Roborodentia_2015\UltraSonic_CodeBlocks\build\/core_mega2560_16.a(HardwareSerial.cpp.o)
serialEvent2()                                    C:\Users\Justin\Desktop\Roborodentia_2015\UltraSonic_CodeBlocks\build\/core_mega2560_16.a(HardwareSerial.cpp.o)
serialEvent3()                                    C:\Users\Justin\Desktop\Roborodentia_2015\UltraSonic_CodeBlocks\build\/core_mega2560_16.a(HardwareSerial.cpp.o)
serialEventRun()                                  C:\Users\Justin\Desktop\Roborodentia_2015\UltraSonic_CodeBlocks\build\/core_mega2560_16.a(HardwareSerial.cpp.o)
                                                  C:\Users\Justin\Desktop\Roborodentia_2015\UltraSonic_CodeBlocks\build\/core_mega2560_16.a(main.cpp.o)
setup                                             build\UltraSonic_CodeBlocks.o
                                                  C:\Users\Justin\Desktop\Roborodentia_2015\UltraSonic_CodeBlocks\build\/core_mega2560_16.a(main.cpp.o)
setupLineSensor()                                 build\Setup.o
                                                  build\UltraSonic_CodeBlocks.o
setupPinModes()                                   build\Setup.o
                                                  build\UltraSonic_CodeBlocks.o
setupSerial(unsigned long)                        build\Setup.o
                                                  build\UltraSonic_CodeBlocks.o
setupTimer1Int(unsigned long)                     build\Setup.o
                                                  build\UltraSonic_CodeBlocks.o
setupTimer3Int(unsigned long)                     build\Setup.o
strchr                                            c:/users/justin/desktop/codeblocks/bin/../lib/gcc/avr/4.3.3/../../../../avr/lib/avr6\libc.a(strchr.o)
                                                  C:\Users\Justin\Desktop\Roborodentia_2015\UltraSonic_CodeBlocks\build\/core_mega2560_16.a(WString.cpp.o)
strcmp                                            c:/users/justin/desktop/codeblocks/bin/../lib/gcc/avr/4.3.3/../../../../avr/lib/avr6\libc.a(strcmp.o)
                                                  C:\Users\Justin\Desktop\Roborodentia_2015\UltraSonic_CodeBlocks\build\/core_mega2560_16.a(WString.cpp.o)
strcpy                                            c:/users/justin/desktop/codeblocks/bin/../lib/gcc/avr/4.3.3/../../../../avr/lib/avr6\libc.a(strcpy.o)
                                                  C:\Users\Justin\Desktop\Roborodentia_2015\UltraSonic_CodeBlocks\build\/core_mega2560_16.a(WString.cpp.o)
strncmp                                           c:/users/justin/desktop/codeblocks/bin/../lib/gcc/avr/4.3.3/../../../../avr/lib/avr6\libc.a(strncmp.o)
                                                  C:\Users\Justin\Desktop\Roborodentia_2015\UltraSonic_CodeBlocks\build\/core_mega2560_16.a(WString.cpp.o)
strncpy                                           c:/users/justin/desktop/codeblocks/bin/../lib/gcc/avr/4.3.3/../../../../avr/lib/avr6\libc.a(strncpy.o)
                                                  C:\Users\Justin\Desktop\Roborodentia_2015\UltraSonic_CodeBlocks\build\/core_mega2560_16.a(WString.cpp.o)
strrchr                                           c:/users/justin/desktop/codeblocks/bin/../lib/gcc/avr/4.3.3/../../../../avr/lib/avr6\libc.a(strrchr.o)
                                                  C:\Users\Justin\Desktop\Roborodentia_2015\UltraSonic_CodeBlocks\build\/core_mega2560_16.a(WString.cpp.o)
strrev                                            c:/users/justin/desktop/codeblocks/bin/../lib/gcc/avr/4.3.3/../../../../avr/lib/avr6\libc.a(strrev.o)
                                                  c:/users/justin/desktop/codeblocks/bin/../lib/gcc/avr/4.3.3/../../../../avr/lib/avr6\libc.a(utoa.o)
                                                  c:/users/justin/desktop/codeblocks/bin/../lib/gcc/avr/4.3.3/../../../../avr/lib/avr6\libc.a(ultoa.o)
                                                  c:/users/justin/desktop/codeblocks/bin/../lib/gcc/avr/4.3.3/../../../../avr/lib/avr6\libc.a(ltoa.o)
                                                  c:/users/justin/desktop/codeblocks/bin/../lib/gcc/avr/4.3.3/../../../../avr/lib/avr6\libc.a(itoa.o)
strstr                                            c:/users/justin/desktop/codeblocks/bin/../lib/gcc/avr/4.3.3/../../../../avr/lib/avr6\libc.a(strstr.o)
                                                  C:\Users\Justin\Desktop\Roborodentia_2015\UltraSonic_CodeBlocks\build\/core_mega2560_16.a(WString.cpp.o)
timer0_millis                                     C:\Users\Justin\Desktop\Roborodentia_2015\UltraSonic_CodeBlocks\build\/core_mega2560_16.a(wiring.c.o)
timer0_overflow_count                             C:\Users\Justin\Desktop\Roborodentia_2015\UltraSonic_CodeBlocks\build\/core_mega2560_16.a(wiring.c.o)
tolower                                           c:/users/justin/desktop/codeblocks/bin/../lib/gcc/avr/4.3.3/../../../../avr/lib/avr6\libc.a(tolower.o)
                                                  C:\Users\Justin\Desktop\Roborodentia_2015\UltraSonic_CodeBlocks\build\/core_mega2560_16.a(WString.cpp.o)
toupper                                           c:/users/justin/desktop/codeblocks/bin/../lib/gcc/avr/4.3.3/../../../../avr/lib/avr6\libc.a(toupper.o)
                                                  C:\Users\Justin\Desktop\Roborodentia_2015\UltraSonic_CodeBlocks\build\/core_mega2560_16.a(WString.cpp.o)
tx_buffer                                         C:\Users\Justin\Desktop\Roborodentia_2015\UltraSonic_CodeBlocks\build\/core_mega2560_16.a(HardwareSerial.cpp.o)
tx_buffer1                                        C:\Users\Justin\Desktop\Roborodentia_2015\UltraSonic_CodeBlocks\build\/core_mega2560_16.a(HardwareSerial.cpp.o)
tx_buffer2                                        C:\Users\Justin\Desktop\Roborodentia_2015\UltraSonic_CodeBlocks\build\/core_mega2560_16.a(HardwareSerial.cpp.o)
tx_buffer3                                        C:\Users\Justin\Desktop\Roborodentia_2015\UltraSonic_CodeBlocks\build\/core_mega2560_16.a(HardwareSerial.cpp.o)
ultoa                                             c:/users/justin/desktop/codeblocks/bin/../lib/gcc/avr/4.3.3/../../../../avr/lib/avr6\libc.a(ultoa.o)
                                                  C:\Users\Justin\Desktop\Roborodentia_2015\UltraSonic_CodeBlocks\build\/core_mega2560_16.a(WString.cpp.o)
utoa                                              c:/users/justin/desktop/codeblocks/bin/../lib/gcc/avr/4.3.3/../../../../avr/lib/avr6\libc.a(utoa.o)
                                                  C:\Users\Justin\Desktop\Roborodentia_2015\UltraSonic_CodeBlocks\build\/core_mega2560_16.a(WString.cpp.o)
vtable for HardwareSerial                         C:\Users\Justin\Desktop\Roborodentia_2015\UltraSonic_CodeBlocks\build\/core_mega2560_16.a(HardwareSerial.cpp.o)
vtable for Print                                  C:\Users\Justin\Desktop\Roborodentia_2015\UltraSonic_CodeBlocks\build\/core_mega2560_16.a(Print.cpp.o)
vtable for Stream                                 C:\Users\Justin\Desktop\Roborodentia_2015\UltraSonic_CodeBlocks\build\/core_mega2560_16.a(HardwareSerial.cpp.o)
